Archive member included because of file (symbol)

/mnt/n7fs/nxt/gcc-arm-none-eabi-4_9-2015q3//lib/gcc/arm-none-eabi/4.9.3//libgcc.a(_udivsi3.o)
                              build/obj/ecrobot_interface.c.o (__aeabi_uidiv)
/mnt/n7fs/nxt/gcc-arm-none-eabi-4_9-2015q3//lib/gcc/arm-none-eabi/4.9.3//libgcc.a(_divsi3.o)
                              build/obj/nxtSegway.c.o (__aeabi_idiv)
/mnt/n7fs/nxt/gcc-arm-none-eabi-4_9-2015q3//lib/gcc/arm-none-eabi/4.9.3//libgcc.a(_dvmd_tls.o)
                              /mnt/n7fs/nxt/gcc-arm-none-eabi-4_9-2015q3//lib/gcc/arm-none-eabi/4.9.3//libgcc.a(_udivsi3.o) (__aeabi_idiv0)
/mnt/n7fs/nxt/gcc-arm-none-eabi-4_9-2015q3//lib/gcc/arm-none-eabi/4.9.3//libgcc.a(_arm_addsubdf3.o)
                              build/obj/tools.c.o (__aeabi_dsub)
/mnt/n7fs/nxt/gcc-arm-none-eabi-4_9-2015q3//lib/gcc/arm-none-eabi/4.9.3//libgcc.a(_arm_muldivdf3.o)
                              build/obj/nxtSegway.c.o (__aeabi_dmul)
/mnt/n7fs/nxt/gcc-arm-none-eabi-4_9-2015q3//lib/gcc/arm-none-eabi/4.9.3//libgcc.a(_arm_fixdfsi.o)
                              build/obj/nxtSegway.c.o (__aeabi_d2iz)
/mnt/n7fs/nxt/gcc-arm-none-eabi-4_9-2015q3//lib/gcc/arm-none-eabi/4.9.3//libgcc.a(_arm_truncdfsf2.o)
                              build/obj/tools.c.o (__aeabi_d2f)
/mnt/n7fs/nxt/gcc-arm-none-eabi-4_9-2015q3//lib/gcc/arm-none-eabi/4.9.3//libgcc.a(_arm_addsubsf3.o)
                              build/obj/nxtSegway.c.o (__aeabi_fsub)
/mnt/n7fs/nxt/gcc-arm-none-eabi-4_9-2015q3//lib/gcc/arm-none-eabi/4.9.3//libgcc.a(_arm_muldivsf3.o)
                              build/obj/nxtSegway.c.o (__aeabi_fmul)
/mnt/n7fs/nxt/gcc-arm-none-eabi-4_9-2015q3//lib/gcc/arm-none-eabi/4.9.3//libgcc.a(_arm_cmpsf2.o)
                              build/obj/tools.c.o (__aeabi_fcmplt)
/mnt/n7fs/nxt/gcc-arm-none-eabi-4_9-2015q3//lib/gcc/arm-none-eabi/4.9.3//libgcc.a(_arm_fixsfsi.o)
                              build/obj/tools.c.o (__aeabi_f2iz)
/mnt/n7fs/nxt/gcc-arm-none-eabi-4_9-2015q3//lib/gcc/arm-none-eabi/4.9.3//libgcc.a(_aeabi_ldivmod.o)
                              build/obj/sound.c.o (__aeabi_ldivmod)
/mnt/n7fs/nxt/gcc-arm-none-eabi-4_9-2015q3//lib/gcc/arm-none-eabi/4.9.3//libgcc.a(bpabi.o)
                              /mnt/n7fs/nxt/gcc-arm-none-eabi-4_9-2015q3//lib/gcc/arm-none-eabi/4.9.3//libgcc.a(_aeabi_ldivmod.o) (__gnu_ldivmod_helper)
/mnt/n7fs/nxt/gcc-arm-none-eabi-4_9-2015q3//lib/gcc/arm-none-eabi/4.9.3//libgcc.a(_divdi3.o)
                              /mnt/n7fs/nxt/gcc-arm-none-eabi-4_9-2015q3//lib/gcc/arm-none-eabi/4.9.3//libgcc.a(bpabi.o) (__divdi3)
/mnt/n7fs/nxt/gcc-arm-none-eabi-4_9-2015q3//lib/gcc/arm-none-eabi/4.9.3//libgcc.a(_udivdi3.o)
                              /mnt/n7fs/nxt/gcc-arm-none-eabi-4_9-2015q3//lib/gcc/arm-none-eabi/4.9.3//libgcc.a(bpabi.o) (__udivdi3)
/mnt/n7fs/nxt/gcc-arm-none-eabi-4_9-2015q3//lib/gcc/arm-none-eabi/4.9.3//libgcc.a(_clzdi2.o)
                              /mnt/n7fs/nxt/gcc-arm-none-eabi-4_9-2015q3//lib/gcc/arm-none-eabi/4.9.3//libgcc.a(_divdi3.o) (__clzdi2)
/mnt/n7fs/nxt/gcc-arm-none-eabi-4_9-2015q3//lib/gcc/arm-none-eabi/4.9.3//libgcc.a(_clzsi2.o)
                              /mnt/n7fs/nxt/gcc-arm-none-eabi-4_9-2015q3//lib/gcc/arm-none-eabi/4.9.3//libgcc.a(_clzdi2.o) (__clzsi2)
/mnt/n7fs/nxt/gcc-arm-none-eabi-4_9-2015q3//arm-none-eabi/lib/libc.a(lib_a-memcpy.o)
                              build/obj/ecrobot_usb.c.o (memcpy)
/mnt/n7fs/nxt/gcc-arm-none-eabi-4_9-2015q3//arm-none-eabi/lib/libc.a(lib_a-memset.o)
                              build/obj/ecrobot_usb.c.o (memset)
/mnt/n7fs/nxt/gcc-arm-none-eabi-4_9-2015q3//arm-none-eabi/lib/libc.a(lib_a-strcmp.o)
                              build/obj/ecrobot_usb.c.o (strcmp)
/mnt/n7fs/nxt/gcc-arm-none-eabi-4_9-2015q3//arm-none-eabi/lib/libc.a(lib_a-strcpy.o)
                              build/obj/ecrobot_usb.c.o (strcpy)
/mnt/n7fs/nxt/gcc-arm-none-eabi-4_9-2015q3//arm-none-eabi/lib/libc.a(lib_a-strlen.o)
                              build/obj/ecrobot_base.c.o (strlen)
/mnt/n7fs/nxt/gcc-arm-none-eabi-4_9-2015q3//arm-none-eabi/lib/libc.a(lib_a-strncpy.o)
                              build/obj/ecrobot_bluetooth.c.o (strncpy)

Allocating common symbols
Common symbol       size              file

x                   0x10              build/obj/nxtSegway.c.o
avg_cnt             0x4               build/obj/nxtSegway.c.o
setpoint            0x4               build/obj/nxtSegway.c.o
display_x           0x4               build/obj/display.c.o
gyro_offset_sum     0x4               build/obj/nxtSegway.c.o
distance            0x4               build/obj/nxtSegway.c.o
in_buf              0x100             build/obj/bt.c.o
gyro_offset         0x4               build/obj/nxtSegway.c.o
y                   0x8               build/obj/nxtSegway.c.o
display_y           0x4               build/obj/display.c.o
brake               0x4               build/obj/nxtSegway.c.o
bt_frame            0x80              build/obj/bt.c.o
[...]
Memory Configuration

Name             Origin             Length             Attributes
header_ram       0x001ffff0         0x00000010
vector_ram       0x00200000         0x00000040
ram              0x00200040         0x0000ffc0
*default*        0x00000000         0xffffffff

Linker script and memory map

LOAD build/obj/nxtSegway.c.o
LOAD build/obj/tools.c.o
LOAD build/obj/tpl_dispatch_table.c.o
LOAD build/obj/tpl_invoque.S.o
LOAD build/obj/tpl_os_alarm_kernel.c.o
LOAD build/obj/tpl_os_event_kernel.c.o
LOAD build/obj/tpl_os_it_kernel.c.o
LOAD build/obj/tpl_os_rez_kernel.c.o
LOAD build/obj/tpl_os_task_kernel.c.o
LOAD build/obj/tpl_os_timeobj_kernel.c.o
LOAD build/obj/tpl_os_kernel.c.o
LOAD build/obj/tpl_os_action.c.o
LOAD build/obj/tpl_os_error.c.o
LOAD build/obj/tpl_os.c.o
LOAD build/obj/tpl_machine_arm_generic.c.o
LOAD build/obj/tpl_irq.S.o
LOAD build/obj/tpl_system_call.S.o
LOAD build/obj/tpl_stacks.S.o
LOAD build/obj/tpl_vector_table.s.o
LOAD build/obj/nxt_tpl_sleep.S.o
LOAD build/obj/nxt_tpl_stubs.c.o
LOAD build/obj/nxt_irq.c.o
LOAD build/obj/nxt_exception_catch.S.o
LOAD build/obj/nxt_bootstrap_stage1.S.o
LOAD build/obj/nxt_exception_catch.c.o
LOAD build/obj/nxt_binary_header.s.o
LOAD build/obj/nxt_entry_point.s.o
LOAD build/obj/interrupts.s.o
LOAD build/obj/ecrobot_usb.c.o
LOAD build/obj/ecrobot_interface.c.o
LOAD build/obj/ecrobot_device_hook.c.o
LOAD build/obj/ecrobot_bluetooth.c.o
LOAD build/obj/ecrobot_HiTechnic.c.o
LOAD build/obj/ecrobot_base.c.o
LOAD build/obj/flash_loader.c.o
LOAD build/obj/bios_display.c.o
LOAD build/obj/byte_fifo.c.o
LOAD build/obj/aic.c.o
LOAD build/obj/nxt_avr.c.o
LOAD build/obj/i2c.c.o
LOAD build/obj/systick.c.o
LOAD build/obj/nxt_motors.c.o
LOAD build/obj/bt.c.o
LOAD build/obj/display.c.o
LOAD build/obj/sensors.c.o
LOAD build/obj/twi.c.o
LOAD build/obj/nxt_lcd.c.o
LOAD build/obj/nxt_spi.c.o
LOAD build/obj/flashprog.c.o
LOAD build/obj/sound.c.o
LOAD build/obj/buttons.c.o
LOAD build/obj/tpl_app_config.c.o
LOAD /mnt/n7fs/nxt/gcc-arm-none-eabi-4_9-2015q3//lib/gcc/arm-none-eabi/4.9.3//libgcc.a
LOAD /mnt/n7fs/nxt/gcc-arm-none-eabi-4_9-2015q3//arm-none-eabi/lib/libc.a
                0x00200000                RAM_BASE = 0x200000
                0x00010000                RAM_SIZE = 0x10000

.header         0x001ffff0       0x10
 *nxt_binary_header.s.o(*.text *.text.*)
 .text          0x001ffff0       0x10 build/obj/nxt_binary_header.s.o
                0x00200000                . = ALIGN (0x10)

.vectors        0x00200000       0x40
 *tpl_vector_table.s.o(*.vectbl *.text.*)
 .vectbl        0x00200000       0x3c build/obj/tpl_vector_table.s.o
                0x00200000                Vec_reset
                0x00200040                . = ALIGN (0x10)
 *fill*         0x0020003c        0x4 
                0x00200000                __vectors_ram_start__ = ADDR (.vectors)
                0x00200040                __vectors_ram_end__ = (ADDR (.vectors) + SIZEOF (.vectors))
                0x00200000                __vectors_load_start__ = LOADADDR (.vectors)
                0x00200040                __vectors_load_end__ = (LOADADDR (.vectors) + SIZEOF (.vectors))

.entry          0x00200040       0x40
 *nxt_entry_point.s.o(*.text *.text.*)
 .text          0x00200040       0x38 build/obj/nxt_entry_point.s.o
                0x00200040                NXT_Entry_Point
                0x00200080                . = ALIGN (0x10)
 *fill*         0x00200078        0x8 
                0x00200080                . = ALIGN (0x4)

ostext          0x00200080     0x1b38
 *(.osCode)
 .osCode        0x00200080      0x3a4 build/obj/tpl_os_alarm_kernel.c.o
                0x00200080                tpl_raise_alarm
                0x00200090                tpl_get_alarm_base_service
                0x00200108                tpl_get_alarm_service
                0x00200198                tpl_set_rel_alarm_service
                0x002002b4                tpl_set_abs_alarm_service
                0x002003b0                tpl_cancel_alarm_service
 .osCode        0x00200424      0x198 build/obj/tpl_os_event_kernel.c.o
                0x00200424                tpl_set_event_service
                0x002004a8                tpl_clear_event_service
                0x002004e4                tpl_get_event_service
                0x00200568                tpl_wait_event_service
 .osCode        0x002005bc      0x304 build/obj/tpl_os_it_kernel.c.o
                0x00200618                tpl_get_interrupt_lock_status
                0x00200650                tpl_reset_interrupt_lock_status
                0x00200674                tpl_suspend_all_interrupts_service
                0x002006a4                tpl_resume_all_interrupts_service
                0x002006e4                tpl_disable_all_interrupts_service
                0x0020071c                tpl_enable_all_interrupts_service
                0x00200744                tpl_suspend_os_interrupts_service
                0x00200774                tpl_resume_os_interrupts_service
                0x002007b4                tpl_terminate_isr2_service
                0x00200810                tpl_null_it
                0x00200814                tpl_central_interrupt_handler
                0x002008b4                tpl_central_interrupt_handler_2
 .osCode        0x002008c0      0x1c4 build/obj/tpl_os_rez_kernel.c.o
                0x002008c0                tpl_release_all_resources
                0x00200908                tpl_get_resource_service
                0x002009d0                tpl_release_resource_service
 .osCode        0x00200a84      0x280 build/obj/tpl_os_task_kernel.c.o
                0x00200a84                tpl_activate_task_service
                0x00200ae8                tpl_terminate_task_service
                0x00200b44                tpl_chain_task_service
                0x00200c00                tpl_schedule_service
                0x00200c60                tpl_get_task_id_service
                0x00200ca0                tpl_get_task_state_service
 .osCode        0x00200d04      0x258 build/obj/tpl_os_timeobj_kernel.c.o
                0x00200d04                tpl_enable_counters
                0x00200d18                tpl_insert_time_obj
                0x00200de0                tpl_remove_time_obj
                0x00200e30                tpl_counter_tick
 .osCode        0x00200f5c      0x644 build/obj/tpl_os_kernel.c.o
                0x00200ff4                tpl_put_preempted_proc
                0x00201074                tpl_put_new_proc
                0x002010fc                tpl_current_os_state
                0x00201138                tpl_get_internal_resource
                0x00201184                tpl_release_internal_resource
                0x002011c4                tpl_activate_task
                0x0020121c                tpl_set_event
                0x00201224                tpl_init_proc
                0x0020125c                tpl_schedule_from_running
                0x002012f8                tpl_schedule_from_dying
                0x00201384                tpl_schedule_from_waiting
                0x00201400                tpl_start_scheduling
                0x00201460                tpl_init_os
                0x002014d4                tpl_get_active_application_mode_service
                0x002014f0                tpl_start_os_service
                0x00201520                tpl_shutdown_os_service
                0x00201530                tpl_call_terminate_task_service
                0x00201568                tpl_call_terminate_isr2_service
 .osCode        0x002015a0       0x4c build/obj/tpl_os_action.c.o
                0x002015a0                tpl_action_callback
                0x002015bc                tpl_action_activate_task
                0x002015d0                tpl_action_setevent
 .osCode        0x002015ec       0xa0 build/obj/tpl_machine_arm_generic.c.o
                0x002015ec                tpl_init_machine_generic
                0x00201600                tpl_get_task_lock
                0x00201604                tpl_release_task_lock
                0x00201608                tpl_enable_interrupts
                0x00201618                tpl_disable_interrupts
                0x00201634                tpl_init_context
                0x00201684                tpl_check_stack_footprint
 .osCode        0x0020168c       0xd4 build/obj/tpl_irq.S.o
                0x0020168c                tpl_primary_irq_handler
 .osCode        0x00201760      0x11c build/obj/tpl_system_call.S.o
                0x00201760                tpl_primary_syscall_handler
 .osCode        0x0020187c        0x4 build/obj/nxt_tpl_sleep.S.o
                0x0020187c                tpl_sleep
 .osCode        0x00201880       0x80 build/obj/nxt_tpl_stubs.c.o
                0x00201880                tpl_init_machine
                0x002018bc                tpl_shutdown
 .osCode        0x00201900       0x58 build/obj/nxt_irq.c.o
                0x00201900                tpl_arm_subarch_irq_handler
                0x00201954                tpl_arm_subarch_fiq_handler
 .osCode        0x00201958       0xf0 build/obj/nxt_exception_catch.S.o
                0x00201958                primary_undefined_instruction_handler
                0x00201990                primary_prefetch_abort_handler
                0x002019c8                primary_data_abort_handler
                0x00201a00                primary_unused_handler
                0x00201a38                tpl_primary_fiq_handler
 .osCode        0x00201a48       0x50 build/obj/nxt_bootstrap_stage1.S.o
                0x00201a48                tpl_arm_bootstrap_entry
 .osCode        0x00201a98      0x120 build/obj/tpl_app_config.c.o
                0x00201a98                tpl_interrupt_source_2
                0x00201aa8                tpl_interrupt_source_5
                0x00201ab8                tpl_interrupt_source_7
                0x00201ac8                tpl_interrupt_source_9
                0x00201ad8                tpl_interrupt_source_10
                0x00201ae8                tpl_interrupt_source_12
                0x00201af8                tpl_interrupt_source_15
                0x00201b0c                tpl_interrupt_source_16
                0x00201b20                tpl_interrupt_source_17
                0x00201b34                tpl_interrupt_source_18
                0x00201b48                tpl_interrupt_source_30
                0x00201b58                tpl_tick_it_timer1
                0x00201ba4                tpl_interrupt_source_1
 *(.appCommonCode)
                0x00201bb8                . = ALIGN (0x4)

osconst         0x00201bb8      0x30c
 *(.osConst)
 .osConst       0x00201bb8       0x70 build/obj/tpl_dispatch_table.c.o
                0x00201bb8                tpl_dispatch_table
 .osConst       0x00201c28       0x1a build/obj/tpl_os_kernel.c.o
                0x00201c28                idle_task_static
                0x00201c40                INVALID_TASK
                0x00201c41                INVALID_PROC
 *fill*         0x00201c42        0x2 
 .osConst       0x00201c44      0x280 build/obj/tpl_app_config.c.o
                0x00201c44                tpl_ready_list
                0x00201c64                tpl_alarm_table
                0x00201c70                pendulum_alarm_static
                0x00201c7c                pendulum_alarm_action
                0x00201c84                display_alarm_static
                0x00201c90                display_alarm_action
                0x00201c98                backwards_alarm_static
                0x00201ca4                backwards_alarm_action
                0x00201cac                tpl_isr_stat_table
                0x00201cbc                tpl_dyn_proc_table
                0x00201ce0                tpl_stat_proc_table
                0x00201d04                tpl_it_vector
                0x00201dfc                isr_button_stop_isr_stat_desc
                0x00201e14                isr_button_start_isr_stat_desc
                0x00201e2c                isr_button_right_isr_stat_desc
                0x00201e44                isr_button_left_isr_stat_desc
                0x00201e5c                task1_task_stat_desc
                0x00201e74                pendulum_task_stat_desc
                0x00201e8c                display_task_stat_desc
                0x00201ea4                backwards_task_stat_desc
                0x00201ebc                tpl_resource_table
                0x00201ec4                . = ALIGN (0x4)

osvars          0x00201ec4     0x203c
 *(.osVar)
 .osVar         0x00201ec4       0x14 build/obj/tpl_os_it_kernel.c.o
                0x00201ec4                tpl_user_task_lock
                0x00201ec8                tpl_cpt_user_task_lock_OS
                0x00201ecc                tpl_cpt_user_task_lock_All
                0x00201ed0                tpl_cpt_os_task_lock
                0x00201ed4                tpl_locking_depth
 .osVar         0x00201ed8        0x8 build/obj/tpl_os_rez_kernel.c.o
                0x00201ed8                res_sched_rez_desc
 .osVar         0x00201ee0       0x28 build/obj/tpl_os_kernel.c.o
                0x00201ee0                tpl_h_prio
                0x00201ee4                tpl_kern
                0x00201efd                INTERNAL_RES_SCHEDULER
                0x00201f00                idle_task
 .osVar         0x00201f08      0x110 build/obj/tpl_machine_arm_generic.c.o
                0x00201f08                nested_kernel_entrance_counter
                0x00201f0c                idle_task_context
                0x00201f50                idle_stack
 .osVar         0x00202018      0x2e8 build/obj/tpl_app_config.c.o
                0x00202018                SystemCounter_counter_desc
                0x00202035                tpl_fifo_rw
                0x0020203d                tpl_priority_3_fifo
                0x00202049                tpl_priority_2_fifo
                0x0020204d                tpl_priority_1_fifo
                0x0020204e                tpl_priority_0_fifo
                0x00202050                pendulum_alarm_alarm_desc
                0x00202068                display_alarm_alarm_desc
                0x00202080                backwards_alarm_alarm_desc
                0x00202098                isr_button_stop_isr_desc
                0x002020a0                isr_button_stop_int_context
                0x002020e4                isr_button_start_isr_desc
                0x002020ec                isr_button_start_int_context
                0x00202130                isr_button_right_isr_desc
                0x00202138                isr_button_right_int_context
                0x0020217c                isr_button_left_isr_desc
                0x00202184                isr_button_left_int_context
                0x002021c8                task1_task_desc
                0x002021d0                task1_int_context
                0x00202214                pendulum_task_desc
                0x0020221c                pendulum_int_context
                0x00202260                display_task_desc
                0x00202268                display_int_context
                0x002022ac                backwards_task_desc
                0x002022b4                backwards_int_context
                0x002022f8                mutex_rez_desc
 *(.stacks)
 .stacks        0x00202300     0x1c00 build/obj/tpl_stacks.S.o
                0x00202300                irq_stack_top
                0x00202700                fiq_stack_top
                0x00202700                irq_stack_bottom
                0x00202b00                fiq_stack_bottom
                0x00202b00                svc_stack_top
                0x00203300                svc_stack_bottom
                0x00203300                abt_stack_top
                0x00203700                abt_stack_bottom
                0x00203700                und_stack_top
                0x00203b00                und_stack_bottom
                0x00203b00                usr_stack_top
                0x00203f00                usr_stack_bottom

apptext         0x00203f00      0x1a0
                0x00203f00                __SEG_START_APP_CODE_CONST_RGN = .
 *(.osApiConst)
 .osApiConst    0x00203f00       0x34 build/obj/tpl_app_config.c.o
                0x00203f00                proc_name_table
                0x00203f20                OSMINCYCLE
                0x00203f24                OSMAXALLOWEDVALUE
                0x00203f28                OSTICKSPERBASE
                0x00203f2c                pendulum_alarm
                0x00203f2d                display_alarm
                0x00203f2e                backwards_alarm
                0x00203f2f                task1
                0x00203f30                pendulum
                0x00203f32                backwards
                0x00203f33                mutex
 *(.osApiCode)
 .osApiCode     0x00203f34      0x150 build/obj/tpl_invoque.S.o
                0x00203f34                ActivateTask
                0x00203f40                TerminateTask
                0x00203f4c                ChainTask
                0x00203f58                Schedule
                0x00203f64                GetTaskID
                0x00203f70                GetTaskState
                0x00203f7c                EnableAllInterrupts
                0x00203f88                DisableAllInterrupts
                0x00203f94                ResumeAllInterrupts
                0x00203fa0                SuspendAllInterrupts
                0x00203fac                ResumeOSInterrupts
                0x00203fb8                SuspendOSInterrupts
                0x00203fc4                GetResource
                0x00203fd0                ReleaseResource
                0x00203fdc                SetEvent
                0x00203fe8                ClearEvent
                0x00203ff4                GetEvent
                0x00204000                WaitEvent
                0x0020400c                GetAlarmBase
                0x00204018                GetAlarm
                0x00204024                SetRelAlarm
                0x00204030                SetAbsAlarm
                0x0020403c                CancelAlarm
                0x00204048                GetActiveApplicationMode
                0x00204054                tpl_start_os
                0x00204060                ShutdownOS
                0x0020406c                CallTerminateTask
                0x00204078                CallTerminateISR2
 .osApiCode     0x00204084       0x1c build/obj/tpl_os.c.o
                0x00204084                StartOS
 *(.Task_backwardsCode)
 *(.Task_displayCode)
 *(.Task_pendulumCode)
 *(.Task_task1Code)
 *(.ISR_isr_button_leftCode)
 *(.ISR_isr_button_rightCode)
 *(.ISR_isr_button_startCode)
 *(.ISR_isr_button_stopCode)

appconst        0x002040a0        0x0

procconst       0x002040a0        0x0
 *(.Task_backwards_SEC_CONST_32BIT)
 *(.Task_backwards_SEC_CALIB_32BIT)
 *(.Task_backwards_SEC_CARTO_32BIT)
 *(.Task_backwards_SEC_CONFIG_DATA_32BIT)
 *(.Task_backwards_SEC_CONST_16BIT)
 *(.Task_backwards_SEC_CALIB_16BIT)
 *(.Task_backwards_SEC_CARTO_16BIT)
 *(.Task_backwards_SEC_CONFIG_DATA_16BIT)
 *(.Task_backwards_SEC_CONST_8BIT)
 *(.Task_backwards_SEC_CALIB_8BIT)
 *(.Task_backwards_SEC_CARTO_8BIT)
 *(.Task_backwards_SEC_CONFIG_DATA_8BIT)
 *(.Task_backwards_SEC_CONST_BOOLEAN)
 *(.Task_backwards_SEC_CALIB_BOOLEAN)
 *(.Task_backwards_SEC_CARTO_BOOLEAN)
 *(.Task_backwards_SEC_CONFIG_DATA_BOOLEAN)
 *(.Task_backwards_SEC_CONST_UNSPECIFIED)
 *(.Task_backwards_SEC_CALIB_UNSPECIFIED)
 *(.Task_backwards_SEC_CARTO_UNSPECIFIED)
 *(.Task_backwards_SEC_CONFIG_DATA_UNSPECIFIED)
 *(.Task_display_SEC_CONST_32BIT)
 *(.Task_display_SEC_CALIB_32BIT)
 *(.Task_display_SEC_CARTO_32BIT)
 *(.Task_display_SEC_CONFIG_DATA_32BIT)
 *(.Task_display_SEC_CONST_16BIT)
 *(.Task_display_SEC_CALIB_16BIT)
 *(.Task_display_SEC_CARTO_16BIT)
 *(.Task_display_SEC_CONFIG_DATA_16BIT)
 *(.Task_display_SEC_CONST_8BIT)
 *(.Task_display_SEC_CALIB_8BIT)
 *(.Task_display_SEC_CARTO_8BIT)
 *(.Task_display_SEC_CONFIG_DATA_8BIT)
 *(.Task_display_SEC_CONST_BOOLEAN)
 *(.Task_display_SEC_CALIB_BOOLEAN)
 *(.Task_display_SEC_CARTO_BOOLEAN)
 *(.Task_display_SEC_CONFIG_DATA_BOOLEAN)
 *(.Task_display_SEC_CONST_UNSPECIFIED)
 *(.Task_display_SEC_CALIB_UNSPECIFIED)
 *(.Task_display_SEC_CARTO_UNSPECIFIED)
 *(.Task_display_SEC_CONFIG_DATA_UNSPECIFIED)
 *(.Task_pendulum_SEC_CONST_32BIT)
 *(.Task_pendulum_SEC_CALIB_32BIT)
 *(.Task_pendulum_SEC_CARTO_32BIT)
 *(.Task_pendulum_SEC_CONFIG_DATA_32BIT)
 *(.Task_pendulum_SEC_CONST_16BIT)
 *(.Task_pendulum_SEC_CALIB_16BIT)
 *(.Task_pendulum_SEC_CARTO_16BIT)
 *(.Task_pendulum_SEC_CONFIG_DATA_16BIT)
 *(.Task_pendulum_SEC_CONST_8BIT)
 *(.Task_pendulum_SEC_CALIB_8BIT)
 *(.Task_pendulum_SEC_CARTO_8BIT)
 *(.Task_pendulum_SEC_CONFIG_DATA_8BIT)
 *(.Task_pendulum_SEC_CONST_BOOLEAN)
 *(.Task_pendulum_SEC_CALIB_BOOLEAN)
 *(.Task_pendulum_SEC_CARTO_BOOLEAN)
 *(.Task_pendulum_SEC_CONFIG_DATA_BOOLEAN)
 *(.Task_pendulum_SEC_CONST_UNSPECIFIED)
 *(.Task_pendulum_SEC_CALIB_UNSPECIFIED)
 *(.Task_pendulum_SEC_CARTO_UNSPECIFIED)
 *(.Task_pendulum_SEC_CONFIG_DATA_UNSPECIFIED)
 *(.Task_task1_SEC_CONST_32BIT)
 *(.Task_task1_SEC_CALIB_32BIT)
 *(.Task_task1_SEC_CARTO_32BIT)
 *(.Task_task1_SEC_CONFIG_DATA_32BIT)
 *(.Task_task1_SEC_CONST_16BIT)
 *(.Task_task1_SEC_CALIB_16BIT)
 *(.Task_task1_SEC_CARTO_16BIT)
 *(.Task_task1_SEC_CONFIG_DATA_16BIT)
 *(.Task_task1_SEC_CONST_8BIT)
 *(.Task_task1_SEC_CALIB_8BIT)
 *(.Task_task1_SEC_CARTO_8BIT)
 *(.Task_task1_SEC_CONFIG_DATA_8BIT)
 *(.Task_task1_SEC_CONST_BOOLEAN)
 *(.Task_task1_SEC_CALIB_BOOLEAN)
 *(.Task_task1_SEC_CARTO_BOOLEAN)
 *(.Task_task1_SEC_CONFIG_DATA_BOOLEAN)
 *(.Task_task1_SEC_CONST_UNSPECIFIED)
 *(.Task_task1_SEC_CALIB_UNSPECIFIED)
 *(.Task_task1_SEC_CARTO_UNSPECIFIED)
 *(.Task_task1_SEC_CONFIG_DATA_UNSPECIFIED)
 *(.ISR_isr_button_left_SEC_CONST_32BIT)
 *(.ISR_isr_button_left_SEC_CALIB_32BIT)
 *(.ISR_isr_button_left_SEC_CARTO_32BIT)
 *(.ISR_isr_button_left_SEC_CONFIG_DATA_32BIT)
 *(.ISR_isr_button_left_SEC_CONST_16BIT)
 *(.ISR_isr_button_left_SEC_CALIB_16BIT)
 *(.ISR_isr_button_left_SEC_CARTO_16BIT)
 *(.ISR_isr_button_left_SEC_CONFIG_DATA_16BIT)
 *(.ISR_isr_button_left_SEC_CONST_8BIT)
 *(.ISR_isr_button_left_SEC_CALIB_8BIT)
 *(.ISR_isr_button_left_SEC_CARTO_8BIT)
 *(.ISR_isr_button_left_SEC_CONFIG_DATA_8BIT)
 *(.ISR_isr_button_left_SEC_CONST_BOOLEAN)
 *(.ISR_isr_button_left_SEC_CALIB_BOOLEAN)
 *(.ISR_isr_button_left_SEC_CARTO_BOOLEAN)
 *(.ISR_isr_button_left_SEC_CONFIG_DATA_BOOLEAN)
 *(.ISR_isr_button_left_SEC_CONST_UNSPECIFIED)
 *(.ISR_isr_button_left_SEC_CALIB_UNSPECIFIED)
 *(.ISR_isr_button_left_SEC_CARTO_UNSPECIFIED)
 *(.ISR_isr_button_left_SEC_CONFIG_DATA_UNSPECIFIED)
 *(.ISR_isr_button_right_SEC_CONST_32BIT)
 *(.ISR_isr_button_right_SEC_CALIB_32BIT)
 *(.ISR_isr_button_right_SEC_CARTO_32BIT)
 *(.ISR_isr_button_right_SEC_CONFIG_DATA_32BIT)
 *(.ISR_isr_button_right_SEC_CONST_16BIT)
 *(.ISR_isr_button_right_SEC_CALIB_16BIT)
 *(.ISR_isr_button_right_SEC_CARTO_16BIT)
 *(.ISR_isr_button_right_SEC_CONFIG_DATA_16BIT)
 *(.ISR_isr_button_right_SEC_CONST_8BIT)
 *(.ISR_isr_button_right_SEC_CALIB_8BIT)
 *(.ISR_isr_button_right_SEC_CARTO_8BIT)
 *(.ISR_isr_button_right_SEC_CONFIG_DATA_8BIT)
 *(.ISR_isr_button_right_SEC_CONST_BOOLEAN)
 *(.ISR_isr_button_right_SEC_CALIB_BOOLEAN)
 *(.ISR_isr_button_right_SEC_CARTO_BOOLEAN)
 *(.ISR_isr_button_right_SEC_CONFIG_DATA_BOOLEAN)
 *(.ISR_isr_button_right_SEC_CONST_UNSPECIFIED)
 *(.ISR_isr_button_right_SEC_CALIB_UNSPECIFIED)
 *(.ISR_isr_button_right_SEC_CARTO_UNSPECIFIED)
 *(.ISR_isr_button_right_SEC_CONFIG_DATA_UNSPECIFIED)
 *(.ISR_isr_button_start_SEC_CONST_32BIT)
 *(.ISR_isr_button_start_SEC_CALIB_32BIT)
 *(.ISR_isr_button_start_SEC_CARTO_32BIT)
 *(.ISR_isr_button_start_SEC_CONFIG_DATA_32BIT)
 *(.ISR_isr_button_start_SEC_CONST_16BIT)
 *(.ISR_isr_button_start_SEC_CALIB_16BIT)
 *(.ISR_isr_button_start_SEC_CARTO_16BIT)
 *(.ISR_isr_button_start_SEC_CONFIG_DATA_16BIT)
 *(.ISR_isr_button_start_SEC_CONST_8BIT)
 *(.ISR_isr_button_start_SEC_CALIB_8BIT)
 *(.ISR_isr_button_start_SEC_CARTO_8BIT)
 *(.ISR_isr_button_start_SEC_CONFIG_DATA_8BIT)
 *(.ISR_isr_button_start_SEC_CONST_BOOLEAN)
 *(.ISR_isr_button_start_SEC_CALIB_BOOLEAN)
 *(.ISR_isr_button_start_SEC_CARTO_BOOLEAN)
 *(.ISR_isr_button_start_SEC_CONFIG_DATA_BOOLEAN)
 *(.ISR_isr_button_start_SEC_CONST_UNSPECIFIED)
 *(.ISR_isr_button_start_SEC_CALIB_UNSPECIFIED)
 *(.ISR_isr_button_start_SEC_CARTO_UNSPECIFIED)
 *(.ISR_isr_button_start_SEC_CONFIG_DATA_UNSPECIFIED)
 *(.ISR_isr_button_stop_SEC_CONST_32BIT)
 *(.ISR_isr_button_stop_SEC_CALIB_32BIT)
 *(.ISR_isr_button_stop_SEC_CARTO_32BIT)
 *(.ISR_isr_button_stop_SEC_CONFIG_DATA_32BIT)
 *(.ISR_isr_button_stop_SEC_CONST_16BIT)
 *(.ISR_isr_button_stop_SEC_CALIB_16BIT)
 *(.ISR_isr_button_stop_SEC_CARTO_16BIT)
 *(.ISR_isr_button_stop_SEC_CONFIG_DATA_16BIT)
 *(.ISR_isr_button_stop_SEC_CONST_8BIT)
 *(.ISR_isr_button_stop_SEC_CALIB_8BIT)
 *(.ISR_isr_button_stop_SEC_CARTO_8BIT)
 *(.ISR_isr_button_stop_SEC_CONFIG_DATA_8BIT)
 *(.ISR_isr_button_stop_SEC_CONST_BOOLEAN)
 *(.ISR_isr_button_stop_SEC_CALIB_BOOLEAN)
 *(.ISR_isr_button_stop_SEC_CARTO_BOOLEAN)
 *(.ISR_isr_button_stop_SEC_CONFIG_DATA_BOOLEAN)
 *(.ISR_isr_button_stop_SEC_CONST_UNSPECIFIED)
 *(.ISR_isr_button_stop_SEC_CALIB_UNSPECIFIED)
 *(.ISR_isr_button_stop_SEC_CARTO_UNSPECIFIED)
 *(.ISR_isr_button_stop_SEC_CONFIG_DATA_UNSPECIFIED)
                0x002040a0                . = ALIGN (0x10)
                0x0020409f                __SEG_STOP_APP_CODE_CONST_RGN = (. - 0x1)

procvars        0x002040a0        0x0
                0x002040a0                __SEG_START_Task_backwards_VAR_RGN = .
 *(.Task_backwards_SEC_VAR_NOINIT_32BIT)
 *(.Task_backwards_SEC_VAR_POWER_ON_INIT_32BIT)
 *(.Task_backwards_SEC_VAR_FAST_32BIT)
 *(.Task_backwards_SEC_VAR_32BIT)
 *(.Task_backwards_SEC_VAR_NOINIT_16BIT)
 *(.Task_backwards_SEC_VAR_POWER_ON_INIT_16BIT)
 *(.Task_backwards_SEC_VAR_FAST_16BIT)
 *(.Task_backwards_SEC_VAR_16BIT)
 *(.Task_backwards_SEC_VAR_NOINIT_8BIT)
 *(.Task_backwards_SEC_VAR_POWER_ON_INIT_8BIT)
 *(.Task_backwards_SEC_VAR_FAST_8BIT)
 *(.Task_backwards_SEC_VAR_8BIT)
 *(.Task_backwards_SEC_VAR_NOINIT_BOOLEAN)
 *(.Task_backwards_SEC_VAR_POWER_ON_INIT_BOOLEAN)
 *(.Task_backwards_SEC_VAR_FAST_BOOLEAN)
 *(.Task_backwards_SEC_VAR_BOOLEAN)
 *(.Task_backwards_SEC_VAR_NOINIT_UNSPECIFIED)
 *(.Task_backwards_SEC_VAR_POWER_ON_INIT_UNSPECIFIED)
 *(.Task_backwards_SEC_VAR_FAST_UNSPECIFIED)
 *(.Task_backwards_SEC_VAR_UNSPECIFIED)
                0x0020409f                __SEG_END_Task_backwards_VAR_RGN = (ALIGN (0x10) - 0x1)
                0x002040a0                __SEG_START_Task_display_VAR_RGN = .
 *(.Task_display_SEC_VAR_NOINIT_32BIT)
 *(.Task_display_SEC_VAR_POWER_ON_INIT_32BIT)
 *(.Task_display_SEC_VAR_FAST_32BIT)
 *(.Task_display_SEC_VAR_32BIT)
 *(.Task_display_SEC_VAR_NOINIT_16BIT)
 *(.Task_display_SEC_VAR_POWER_ON_INIT_16BIT)
 *(.Task_display_SEC_VAR_FAST_16BIT)
 *(.Task_display_SEC_VAR_16BIT)
 *(.Task_display_SEC_VAR_NOINIT_8BIT)
 *(.Task_display_SEC_VAR_POWER_ON_INIT_8BIT)
 *(.Task_display_SEC_VAR_FAST_8BIT)
 *(.Task_display_SEC_VAR_8BIT)
 *(.Task_display_SEC_VAR_NOINIT_BOOLEAN)
 *(.Task_display_SEC_VAR_POWER_ON_INIT_BOOLEAN)
 *(.Task_display_SEC_VAR_FAST_BOOLEAN)
 *(.Task_display_SEC_VAR_BOOLEAN)
 *(.Task_display_SEC_VAR_NOINIT_UNSPECIFIED)
 *(.Task_display_SEC_VAR_POWER_ON_INIT_UNSPECIFIED)
 *(.Task_display_SEC_VAR_FAST_UNSPECIFIED)
 *(.Task_display_SEC_VAR_UNSPECIFIED)
                0x0020409f                __SEG_END_Task_display_VAR_RGN = (ALIGN (0x10) - 0x1)
                0x002040a0                __SEG_START_Task_pendulum_VAR_RGN = .
 *(.Task_pendulum_SEC_VAR_NOINIT_32BIT)
 *(.Task_pendulum_SEC_VAR_POWER_ON_INIT_32BIT)
 *(.Task_pendulum_SEC_VAR_FAST_32BIT)
 *(.Task_pendulum_SEC_VAR_32BIT)
 *(.Task_pendulum_SEC_VAR_NOINIT_16BIT)
 *(.Task_pendulum_SEC_VAR_POWER_ON_INIT_16BIT)
 *(.Task_pendulum_SEC_VAR_FAST_16BIT)
 *(.Task_pendulum_SEC_VAR_16BIT)
 *(.Task_pendulum_SEC_VAR_NOINIT_8BIT)
 *(.Task_pendulum_SEC_VAR_POWER_ON_INIT_8BIT)
 *(.Task_pendulum_SEC_VAR_FAST_8BIT)
 *(.Task_pendulum_SEC_VAR_8BIT)
 *(.Task_pendulum_SEC_VAR_NOINIT_BOOLEAN)
 *(.Task_pendulum_SEC_VAR_POWER_ON_INIT_BOOLEAN)
 *(.Task_pendulum_SEC_VAR_FAST_BOOLEAN)
 *(.Task_pendulum_SEC_VAR_BOOLEAN)
 *(.Task_pendulum_SEC_VAR_NOINIT_UNSPECIFIED)
 *(.Task_pendulum_SEC_VAR_POWER_ON_INIT_UNSPECIFIED)
 *(.Task_pendulum_SEC_VAR_FAST_UNSPECIFIED)
 *(.Task_pendulum_SEC_VAR_UNSPECIFIED)
                0x0020409f                __SEG_END_Task_pendulum_VAR_RGN = (ALIGN (0x10) - 0x1)
                0x002040a0                __SEG_START_Task_task1_VAR_RGN = .
 *(.Task_task1_SEC_VAR_NOINIT_32BIT)
 *(.Task_task1_SEC_VAR_POWER_ON_INIT_32BIT)
 *(.Task_task1_SEC_VAR_FAST_32BIT)
 *(.Task_task1_SEC_VAR_32BIT)
 *(.Task_task1_SEC_VAR_NOINIT_16BIT)
 *(.Task_task1_SEC_VAR_POWER_ON_INIT_16BIT)
 *(.Task_task1_SEC_VAR_FAST_16BIT)
 *(.Task_task1_SEC_VAR_16BIT)
 *(.Task_task1_SEC_VAR_NOINIT_8BIT)
 *(.Task_task1_SEC_VAR_POWER_ON_INIT_8BIT)
 *(.Task_task1_SEC_VAR_FAST_8BIT)
 *(.Task_task1_SEC_VAR_8BIT)
 *(.Task_task1_SEC_VAR_NOINIT_BOOLEAN)
 *(.Task_task1_SEC_VAR_POWER_ON_INIT_BOOLEAN)
 *(.Task_task1_SEC_VAR_FAST_BOOLEAN)
 *(.Task_task1_SEC_VAR_BOOLEAN)
 *(.Task_task1_SEC_VAR_NOINIT_UNSPECIFIED)
 *(.Task_task1_SEC_VAR_POWER_ON_INIT_UNSPECIFIED)
 *(.Task_task1_SEC_VAR_FAST_UNSPECIFIED)
 *(.Task_task1_SEC_VAR_UNSPECIFIED)
                0x0020409f                __SEG_END_Task_task1_VAR_RGN = (ALIGN (0x10) - 0x1)
                0x002040a0                __SEG_START_ISR_isr_button_left_VAR_RGN = .
 *(.ISR_isr_button_left_SEC_VAR_NOINIT_32BIT)
 *(.ISR_isr_button_left_SEC_VAR_POWER_ON_INIT_32BIT)
 *(.ISR_isr_button_left_SEC_VAR_FAST_32BIT)
 *(.ISR_isr_button_left_SEC_VAR_32BIT)
 *(.ISR_isr_button_left_SEC_VAR_NOINIT_16BIT)
 *(.ISR_isr_button_left_SEC_VAR_POWER_ON_INIT_16BIT)
 *(.ISR_isr_button_left_SEC_VAR_FAST_16BIT)
 *(.ISR_isr_button_left_SEC_VAR_16BIT)
 *(.ISR_isr_button_left_SEC_VAR_NOINIT_8BIT)
 *(.ISR_isr_button_left_SEC_VAR_POWER_ON_INIT_8BIT)
 *(.ISR_isr_button_left_SEC_VAR_FAST_8BIT)
 *(.ISR_isr_button_left_SEC_VAR_8BIT)
 *(.ISR_isr_button_left_SEC_VAR_NOINIT_BOOLEAN)
 *(.ISR_isr_button_left_SEC_VAR_POWER_ON_INIT_BOOLEAN)
 *(.ISR_isr_button_left_SEC_VAR_FAST_BOOLEAN)
 *(.ISR_isr_button_left_SEC_VAR_BOOLEAN)
 *(.ISR_isr_button_left_SEC_VAR_NOINIT_UNSPECIFIED)
 *(.ISR_isr_button_left_SEC_VAR_POWER_ON_INIT_UNSPECIFIED)
 *(.ISR_isr_button_left_SEC_VAR_FAST_UNSPECIFIED)
 *(.ISR_isr_button_left_SEC_VAR_UNSPECIFIED)
                0x0020409f                __SEG_END_ISR_isr_button_left_VAR_RGN = (ALIGN (0x10) - 0x1)
                0x002040a0                __SEG_START_ISR_isr_button_right_VAR_RGN = .
 *(.ISR_isr_button_right_SEC_VAR_NOINIT_32BIT)
 *(.ISR_isr_button_right_SEC_VAR_POWER_ON_INIT_32BIT)
 *(.ISR_isr_button_right_SEC_VAR_FAST_32BIT)
 *(.ISR_isr_button_right_SEC_VAR_32BIT)
 *(.ISR_isr_button_right_SEC_VAR_NOINIT_16BIT)
 *(.ISR_isr_button_right_SEC_VAR_POWER_ON_INIT_16BIT)
 *(.ISR_isr_button_right_SEC_VAR_FAST_16BIT)
 *(.ISR_isr_button_right_SEC_VAR_16BIT)
 *(.ISR_isr_button_right_SEC_VAR_NOINIT_8BIT)
 *(.ISR_isr_button_right_SEC_VAR_POWER_ON_INIT_8BIT)
 *(.ISR_isr_button_right_SEC_VAR_FAST_8BIT)
 *(.ISR_isr_button_right_SEC_VAR_8BIT)
 *(.ISR_isr_button_right_SEC_VAR_NOINIT_BOOLEAN)
 *(.ISR_isr_button_right_SEC_VAR_POWER_ON_INIT_BOOLEAN)
 *(.ISR_isr_button_right_SEC_VAR_FAST_BOOLEAN)
 *(.ISR_isr_button_right_SEC_VAR_BOOLEAN)
 *(.ISR_isr_button_right_SEC_VAR_NOINIT_UNSPECIFIED)
 *(.ISR_isr_button_right_SEC_VAR_POWER_ON_INIT_UNSPECIFIED)
 *(.ISR_isr_button_right_SEC_VAR_FAST_UNSPECIFIED)
 *(.ISR_isr_button_right_SEC_VAR_UNSPECIFIED)
                0x0020409f                __SEG_END_ISR_isr_button_right_VAR_RGN = (ALIGN (0x10) - 0x1)
                0x002040a0                __SEG_START_ISR_isr_button_start_VAR_RGN = .
 *(.ISR_isr_button_start_SEC_VAR_NOINIT_32BIT)
 *(.ISR_isr_button_start_SEC_VAR_POWER_ON_INIT_32BIT)
 *(.ISR_isr_button_start_SEC_VAR_FAST_32BIT)
 *(.ISR_isr_button_start_SEC_VAR_32BIT)
 *(.ISR_isr_button_start_SEC_VAR_NOINIT_16BIT)
 *(.ISR_isr_button_start_SEC_VAR_POWER_ON_INIT_16BIT)
 *(.ISR_isr_button_start_SEC_VAR_FAST_16BIT)
 *(.ISR_isr_button_start_SEC_VAR_16BIT)
 *(.ISR_isr_button_start_SEC_VAR_NOINIT_8BIT)
 *(.ISR_isr_button_start_SEC_VAR_POWER_ON_INIT_8BIT)
 *(.ISR_isr_button_start_SEC_VAR_FAST_8BIT)
 *(.ISR_isr_button_start_SEC_VAR_8BIT)
 *(.ISR_isr_button_start_SEC_VAR_NOINIT_BOOLEAN)
 *(.ISR_isr_button_start_SEC_VAR_POWER_ON_INIT_BOOLEAN)
 *(.ISR_isr_button_start_SEC_VAR_FAST_BOOLEAN)
 *(.ISR_isr_button_start_SEC_VAR_BOOLEAN)
 *(.ISR_isr_button_start_SEC_VAR_NOINIT_UNSPECIFIED)
 *(.ISR_isr_button_start_SEC_VAR_POWER_ON_INIT_UNSPECIFIED)
 *(.ISR_isr_button_start_SEC_VAR_FAST_UNSPECIFIED)
 *(.ISR_isr_button_start_SEC_VAR_UNSPECIFIED)
                0x0020409f                __SEG_END_ISR_isr_button_start_VAR_RGN = (ALIGN (0x10) - 0x1)
                0x002040a0                __SEG_START_ISR_isr_button_stop_VAR_RGN = .
 *(.ISR_isr_button_stop_SEC_VAR_NOINIT_32BIT)
 *(.ISR_isr_button_stop_SEC_VAR_POWER_ON_INIT_32BIT)
 *(.ISR_isr_button_stop_SEC_VAR_FAST_32BIT)
 *(.ISR_isr_button_stop_SEC_VAR_32BIT)
 *(.ISR_isr_button_stop_SEC_VAR_NOINIT_16BIT)
 *(.ISR_isr_button_stop_SEC_VAR_POWER_ON_INIT_16BIT)
 *(.ISR_isr_button_stop_SEC_VAR_FAST_16BIT)
 *(.ISR_isr_button_stop_SEC_VAR_16BIT)
 *(.ISR_isr_button_stop_SEC_VAR_NOINIT_8BIT)
 *(.ISR_isr_button_stop_SEC_VAR_POWER_ON_INIT_8BIT)
 *(.ISR_isr_button_stop_SEC_VAR_FAST_8BIT)
 *(.ISR_isr_button_stop_SEC_VAR_8BIT)
 *(.ISR_isr_button_stop_SEC_VAR_NOINIT_BOOLEAN)
 *(.ISR_isr_button_stop_SEC_VAR_POWER_ON_INIT_BOOLEAN)
 *(.ISR_isr_button_stop_SEC_VAR_FAST_BOOLEAN)
 *(.ISR_isr_button_stop_SEC_VAR_BOOLEAN)
 *(.ISR_isr_button_stop_SEC_VAR_NOINIT_UNSPECIFIED)
 *(.ISR_isr_button_stop_SEC_VAR_POWER_ON_INIT_UNSPECIFIED)
 *(.ISR_isr_button_stop_SEC_VAR_FAST_UNSPECIFIED)
 *(.ISR_isr_button_stop_SEC_VAR_UNSPECIFIED)
                0x0020409f                __SEG_END_ISR_isr_button_stop_VAR_RGN = (ALIGN (0x10) - 0x1)

procstack       0x002040a0      0xfc4
                0x002040a0                __SEG_START_Task_backwards_STACK_RGN = .
 *(.Task_backwardsStack)
 .Task_backwardsStack
                0x002040a0      0x200 build/obj/tpl_app_config.c.o
                0x002040a0                backwards_stack_zone
                0x0020429f                __SEG_END_Task_backwards_STACK_RGN = (ALIGN (0x10) - 0x1)
                0x002042a0                __SEG_START_Task_display_STACK_RGN = .
 *(.Task_displayStack)
 .Task_displayStack
                0x002042a0      0x200 build/obj/tpl_app_config.c.o
                0x002042a0                display_stack_zone
                0x0020449f                __SEG_END_Task_display_STACK_RGN = (ALIGN (0x10) - 0x1)
                0x002044a0                __SEG_START_Task_pendulum_STACK_RGN = .
 *(.Task_pendulumStack)
 .Task_pendulumStack
                0x002044a0      0x200 build/obj/tpl_app_config.c.o
                0x002044a0                pendulum_stack_zone
                0x0020469f                __SEG_END_Task_pendulum_STACK_RGN = (ALIGN (0x10) - 0x1)
                0x002046a0                __SEG_START_Task_task1_STACK_RGN = .
 *(.Task_task1Stack)
 .Task_task1Stack
                0x002046a0      0x1f4 build/obj/tpl_app_config.c.o
                0x002046a0                task1_stack_zone
                0x0020489f                __SEG_END_Task_task1_STACK_RGN = (ALIGN (0x10) - 0x1)
                0x00204894                __SEG_START_ISR_isr_button_left_STACK_RGN = .
 *(.ISR_isr_button_leftStack)
 .ISR_isr_button_leftStack
                0x00204894      0x1f4 build/obj/tpl_app_config.c.o
                0x00204894                isr_button_left_stack_zone
                0x00204a8f                __SEG_END_ISR_isr_button_left_STACK_RGN = (ALIGN (0x10) - 0x1)
                0x00204a88                __SEG_START_ISR_isr_button_right_STACK_RGN = .
 *(.ISR_isr_button_rightStack)
 .ISR_isr_button_rightStack
                0x00204a88      0x1f4 build/obj/tpl_app_config.c.o
                0x00204a88                isr_button_right_stack_zone
                0x00204c7f                __SEG_END_ISR_isr_button_right_STACK_RGN = (ALIGN (0x10) - 0x1)
                0x00204c7c                __SEG_START_ISR_isr_button_start_STACK_RGN = .
 *(.ISR_isr_button_startStack)
 .ISR_isr_button_startStack
                0x00204c7c      0x1f4 build/obj/tpl_app_config.c.o
                0x00204c7c                isr_button_start_stack_zone
                0x00204e6f                __SEG_END_ISR_isr_button_start_STACK_RGN = (ALIGN (0x10) - 0x1)
                0x00204e70                __SEG_START_ISR_isr_button_stop_STACK_RGN = .
 *(.ISR_isr_button_stopStack)
 .ISR_isr_button_stopStack
                0x00204e70      0x1f4 build/obj/tpl_app_config.c.o
                0x00204e70                isr_button_stop_stack_zone
                0x0020506f                __SEG_END_ISR_isr_button_stop_STACK_RGN = (ALIGN (0x10) - 0x1)

appvars         0x00205064        0x0
                0x00205064                . = ALIGN (0x4)

text_garbage    0x00205064     0x447c
 *(.text*)
 .text.startup.main
                0x00205064       0x18 build/obj/nxtSegway.c.o
                0x00205064                main
 .text.display_function
                0x0020507c       0x54 build/obj/nxtSegway.c.o
                0x0020507c                display_function
 .text.backwards_function
                0x002050d0       0x64 build/obj/nxtSegway.c.o
                0x002050d0                backwards_function
 .text.isr_button_start_function
                0x00205134       0x18 build/obj/nxtSegway.c.o
                0x00205134                isr_button_start_function
 .text.isr_button_stop_function
                0x0020514c       0x14 build/obj/nxtSegway.c.o
                0x0020514c                isr_button_stop_function
 .text.isr_button_left_function
                0x00205160       0x18 build/obj/nxtSegway.c.o
                0x00205160                isr_button_left_function
 .text.isr_button_right_function
                0x00205178       0x18 build/obj/nxtSegway.c.o
                0x00205178                isr_button_right_function
 .text.estimator
                0x00205190       0x54 build/obj/nxtSegway.c.o
                0x00205190                estimator
 .text.controller
                0x002051e4       0x7c build/obj/nxtSegway.c.o
                0x002051e4                controller
 .text.pendulum_function
                0x00205260      0x1e8 build/obj/nxtSegway.c.o
                0x00205260                pendulum_function
 .text.init_time
                0x00205448       0x10 build/obj/tools.c.o
                0x00205448                init_time
 .text.delta_t  0x00205458       0x38 build/obj/tools.c.o
                0x00205458                delta_t
 .text.getGyro  0x00205490       0x3c build/obj/tools.c.o
                0x00205490                getGyro
 .text.getMotorAngle
                0x002054cc       0x68 build/obj/tools.c.o
                0x002054cc                getMotorAngle
 .text.calculatePWM
                0x00205534       0x94 build/obj/tools.c.o
                0x00205534                calculatePWM
 .text.getMotorDiff
                0x002055c8       0x60 build/obj/tools.c.o
                0x002055c8                getMotorDiff
 .text.syncMotor
                0x00205628       0xb4 build/obj/tools.c.o
                0x00205628                syncMotor
 .text.nxt_motors_set_command
                0x002056dc       0xcc build/obj/tools.c.o
                0x002056dc                nxt_motors_set_command
 .text.disp     0x002057a8       0x3c build/obj/tools.c.o
                0x002057a8                disp
 .text.exception_catch_display
                0x002057e4       0xe0 build/obj/nxt_exception_catch.c.o
                0x002057e4                exception_catch_display
 .text          0x002058c4       0x68 build/obj/interrupts.s.o
                0x002058c4                interrupts_get_and_disable
                0x002058e8                interrupts_enable
                0x002058f8                fiq_get_and_disable
                0x0020591c                fiq_enable
 .text.getDistance
                0x0020592c       0x28 build/obj/ecrobot_interface.c.o
 .text.ecrobot_set_motor_rev
                0x00205954       0x10 build/obj/ecrobot_interface.c.o
                0x00205954                ecrobot_set_motor_rev
 .text.ecrobot_init_i2c
                0x00205964       0x30 build/obj/ecrobot_interface.c.o
                0x00205964                ecrobot_init_i2c
 .text.ecrobot_init_sonar_sensor
                0x00205994        0x8 build/obj/ecrobot_interface.c.o
                0x00205994                ecrobot_init_sonar_sensor
 .text.ecrobot_get_sonar_sensor
                0x0020599c       0x60 build/obj/ecrobot_interface.c.o
                0x0020599c                ecrobot_get_sonar_sensor
 .text.ecrobot_get_battery_voltage
                0x002059fc       0x10 build/obj/ecrobot_interface.c.o
                0x002059fc                ecrobot_get_battery_voltage
 .text.ecrobot_get_systick_ms
                0x00205a0c       0x10 build/obj/ecrobot_interface.c.o
                0x00205a0c                ecrobot_get_systick_ms
 .text.ecrobot_get_button_state
                0x00205a1c       0x10 build/obj/ecrobot_interface.c.o
                0x00205a1c                ecrobot_get_button_state
 .text.ecrobot_poll_nxtstate
                0x00205a2c       0x8c build/obj/ecrobot_interface.c.o
                0x00205a2c                ecrobot_poll_nxtstate
 .text.ecrobot_status_monitor
                0x00205ab8      0x19c build/obj/ecrobot_interface.c.o
                0x00205ab8                ecrobot_status_monitor
 .text.ecrobot_sound_tone
                0x00205c54       0x14 build/obj/ecrobot_interface.c.o
                0x00205c54                ecrobot_sound_tone
 .text.send_bt_command
                0x00205c68       0x68 build/obj/ecrobot_bluetooth.c.o
 .text.ecrobot_get_bt_status
                0x00205cd0       0x10 build/obj/ecrobot_bluetooth.c.o
                0x00205cd0                ecrobot_get_bt_status
 .text.ecrobot_term_bt_connection
                0x00205ce0       0x68 build/obj/ecrobot_bluetooth.c.o
                0x00205ce0                ecrobot_term_bt_connection
 .text.ecrobot_get_gyro_sensor
                0x00205d48       0x18 build/obj/ecrobot_HiTechnic.c.o
                0x00205d48                ecrobot_get_gyro_sensor
 .text.nxt_device_init
                0x00205d60       0x38 build/obj/flash_loader.c.o
                0x00205d60                nxt_device_init
 .text.aic_initialise
                0x00205d98       0x74 build/obj/aic.c.o
                0x00205d98                aic_initialise
 .text.aic_set_vector
                0x00205e0c       0x3c build/obj/aic.c.o
                0x00205e0c                aic_set_vector
 .text.aic_mask_on
                0x00205e48       0x2c build/obj/aic.c.o
                0x00205e48                aic_mask_on
 .text.aic_mask_off
                0x00205e74       0x2c build/obj/aic.c.o
                0x00205e74                aic_mask_off
 .text.aic_clear
                0x00205ea0       0x2c build/obj/aic.c.o
                0x00205ea0                aic_clear
 .text.nxt_avr_power_down
                0x00205ecc       0x1c build/obj/nxt_avr.c.o
                0x00205ecc                nxt_avr_power_down
 .text.nxt_avr_link_init
                0x00205ee8       0x2c build/obj/nxt_avr.c.o
                0x00205ee8                nxt_avr_link_init
 .text.nxt_avr_init
                0x00205f14       0x9c build/obj/nxt_avr.c.o
                0x00205f14                nxt_avr_init
 .text.nxt_avr_1kHz_update
                0x00205fb0      0x2a0 build/obj/nxt_avr.c.o
                0x00205fb0                nxt_avr_1kHz_update
 .text.buttons_get
                0x00206250       0x10 build/obj/nxt_avr.c.o
                0x00206250                buttons_get
 .text.battery_voltage
                0x00206260       0x34 build/obj/nxt_avr.c.o
                0x00206260                battery_voltage
 .text.sensor_adc
                0x00206294       0x28 build/obj/nxt_avr.c.o
                0x00206294                sensor_adc
 .text.nxt_avr_set_motor
                0x002062bc       0x34 build/obj/nxt_avr.c.o
                0x002062bc                nxt_avr_set_motor
 .text.nxt_avr_set_input_power
                0x002062f0       0x4c build/obj/nxt_avr.c.o
                0x002062f0                nxt_avr_set_input_power
 .text.i2c_timer_isr_C_function
                0x0020633c      0x3f8 build/obj/i2c.c.o
                0x0020633c                i2c_timer_isr_C_function
 .text.i2c_disable
                0x00206734       0x34 build/obj/i2c.c.o
                0x00206734                i2c_disable
 .text.i2c_enable
                0x00206768       0x58 build/obj/i2c.c.o
                0x00206768                i2c_enable
 .text.i2c_init
                0x002067c0       0xcc build/obj/i2c.c.o
                0x002067c0                i2c_init
 .text.i2c_busy
                0x0020688c       0x34 build/obj/i2c.c.o
                0x0020688c                i2c_busy
 .text.i2c_start_transaction
                0x002068c0      0x188 build/obj/i2c.c.o
                0x002068c0                i2c_start_transaction
 .text.systick_low_priority_C_function
                0x00206a48       0x20 build/obj/systick.c.o
                0x00206a48                systick_low_priority_C_function
 .text.systick_isr_C_function
                0x00206a68       0x28 build/obj/systick.c.o
                0x00206a68                systick_isr_C_function
 .text.systick_get_ms
                0x00206a90       0x10 build/obj/systick.c.o
                0x00206a90                systick_get_ms
 .text.systick_wait_ms
                0x00206aa0       0x30 build/obj/systick.c.o
                0x00206aa0                systick_wait_ms
 .text.systick_wait_ns
                0x00206ad0       0x30 build/obj/systick.c.o
                0x00206ad0                systick_wait_ns
 .text.systick_init
                0x00206b00       0x70 build/obj/systick.c.o
                0x00206b00                systick_init
 .text.nxt_motor_get_count
                0x00206b70       0x18 build/obj/nxt_motors.c.o
                0x00206b70                nxt_motor_get_count
 .text.nxt_motor_set_count
                0x00206b88       0x14 build/obj/nxt_motors.c.o
                0x00206b88                nxt_motor_set_count
 .text.nxt_motor_set_speed
                0x00206b9c       0x40 build/obj/nxt_motors.c.o
                0x00206b9c                nxt_motor_set_speed
 .text.nxt_motor_1kHz_process
                0x00206bdc       0x34 build/obj/nxt_motors.c.o
                0x00206bdc                nxt_motor_1kHz_process
 .text.nxt_motor_quad_decode
                0x00206c10       0x70 build/obj/nxt_motors.c.o
                0x00206c10                nxt_motor_quad_decode
 .text.nxt_motor_isr_C_function
                0x00206c80       0x9c build/obj/nxt_motors.c.o
                0x00206c80                nxt_motor_isr_C_function
 .text.nxt_motor_init
                0x00206d1c       0x74 build/obj/nxt_motors.c.o
                0x00206d1c                nxt_motor_init
 .text.bt_isr_C_function
                0x00206d90      0x110 build/obj/bt.c.o
                0x00206d90                bt_isr_C_function
 .text.bt_init  0x00206ea0      0x150 build/obj/bt.c.o
                0x00206ea0                bt_init
 .text.bt_send  0x00206ff0       0x60 build/obj/bt.c.o
                0x00206ff0                bt_send
 .text.bt_clear_arm7_cmd
                0x00207050       0x10 build/obj/bt.c.o
                0x00207050                bt_clear_arm7_cmd
 .text.display_update
                0x00207060       0x20 build/obj/display.c.o
                0x00207060                display_update
 .text.display_force_update
                0x00207080       0x10 build/obj/display.c.o
                0x00207080                display_force_update
 .text.display_clear
                0x00207090       0x30 build/obj/display.c.o
                0x00207090                display_clear
 .text.display_goto_xy
                0x002070c0       0x1c build/obj/display.c.o
                0x002070c0                display_goto_xy
 .text.display_char
                0x002070dc       0x70 build/obj/display.c.o
                0x002070dc                display_char
 .text.display_string
                0x0020714c       0x68 build/obj/display.c.o
                0x0020714c                display_string
 .text.display_unsigned_worker
                0x002071b4       0xb0 build/obj/display.c.o
 .text.display_hex
                0x00207264       0x70 build/obj/display.c.o
                0x00207264                display_hex
 .text.display_unsigned
                0x002072d4        0x8 build/obj/display.c.o
                0x002072d4                display_unsigned
 .text.display_int
                0x002072dc       0x14 build/obj/display.c.o
                0x002072dc                display_int
 .text.display_init
                0x002072f0       0x4c build/obj/display.c.o
                0x002072f0                display_init
 .text.unset_digi0
                0x0020733c       0x60 build/obj/sensors.c.o
                0x0020733c                unset_digi0
 .text.unset_digi1
                0x0020739c       0x60 build/obj/sensors.c.o
                0x0020739c                unset_digi1
 .text.init_sensors
                0x002073fc       0x6c build/obj/sensors.c.o
                0x002073fc                init_sensors
 .text.twi_status
                0x00207468       0x2c build/obj/twi.c.o
                0x00207468                twi_status
 .text.twi_isr_C_function
                0x00207494      0x120 build/obj/twi.c.o
                0x00207494                twi_isr_C_function
 .text.twi_reset
                0x002075b4       0xc0 build/obj/twi.c.o
                0x002075b4                twi_reset
 .text.twi_init
                0x00207674       0x64 build/obj/twi.c.o
                0x00207674                twi_init
 .text.twi_start_read
                0x002076d8       0x70 build/obj/twi.c.o
                0x002076d8                twi_start_read
 .text.twi_start_write
                0x00207748       0x70 build/obj/twi.c.o
                0x00207748                twi_start_write
 .text.nxt_lcd_command
                0x002077b8       0x24 build/obj/nxt_lcd.c.o
                0x002077b8                nxt_lcd_command
 .text.nxt_lcd_set_col
                0x002077dc       0x24 build/obj/nxt_lcd.c.o
                0x002077dc                nxt_lcd_set_col
 .text.nxt_lcd_set_page_address
                0x00207800        0xc build/obj/nxt_lcd.c.o
                0x00207800                nxt_lcd_set_page_address
 .text.nxt_lcd_set_pot
                0x0020780c       0x1c build/obj/nxt_lcd.c.o
                0x0020780c                nxt_lcd_set_pot
 .text.nxt_lcd_reset
                0x00207828        0x8 build/obj/nxt_lcd.c.o
                0x00207828                nxt_lcd_reset
 .text.nxt_lcd_force_update
                0x00207830       0x50 build/obj/nxt_lcd.c.o
                0x00207830                nxt_lcd_force_update
 .text.nxt_lcd_update
                0x00207880       0x10 build/obj/nxt_lcd.c.o
                0x00207880                nxt_lcd_update
 .text.nxt_lcd_power_up
                0x00207890       0x5c build/obj/nxt_lcd.c.o
                0x00207890                nxt_lcd_power_up
 .text.nxt_lcd_power_down
                0x002078ec        0x4 build/obj/nxt_lcd.c.o
                0x002078ec                nxt_lcd_power_down
 .text.nxt_lcd_init
                0x002078f0       0x1c build/obj/nxt_lcd.c.o
                0x002078f0                nxt_lcd_init
 .text.spi_set_mode
                0x0020790c       0x40 build/obj/nxt_spi.c.o
 .text.spi_isr_C_function
                0x0020794c       0x94 build/obj/nxt_spi.c.o
                0x0020794c                spi_isr_C_function
 .text.nxt_spi_init
                0x002079e0      0x148 build/obj/nxt_spi.c.o
                0x002079e0                nxt_spi_init
 .text.nxt_spi_write
                0x00207b28       0x58 build/obj/nxt_spi.c.o
                0x00207b28                nxt_spi_write
 .text.nxt_spi_set_display
                0x00207b80       0x18 build/obj/nxt_spi.c.o
                0x00207b80                nxt_spi_set_display
 .text.nxt_spi_refresh
                0x00207b98       0x30 build/obj/nxt_spi.c.o
                0x00207b98                nxt_spi_refresh
 .text.set_vol  0x00207bc8       0xd8 build/obj/sound.c.o
 .text.sound_interrupt_enable
                0x00207ca0       0x24 build/obj/sound.c.o
                0x00207ca0                sound_interrupt_enable
 .text.sound_interrupt_disable
                0x00207cc4       0x20 build/obj/sound.c.o
                0x00207cc4                sound_interrupt_disable
 .text.sound_freq_vol
                0x00207ce4      0x1dc build/obj/sound.c.o
                0x00207ce4                sound_freq_vol
 .text.InitButtons
                0x00207ec0       0x40 build/obj/buttons.c.o
                0x00207ec0                InitButtons
 .text.check_buttons_status_function
                0x00207f00       0x70 build/obj/buttons.c.o
                0x00207f00                check_buttons_status_function
 .text          0x00207f70      0x114 /mnt/n7fs/nxt/gcc-arm-none-eabi-4_9-2015q3//lib/gcc/arm-none-eabi/4.9.3//libgcc.a(_udivsi3.o)
                0x00207f70                __udivsi3
                0x00207f70                __aeabi_uidiv
                0x00208064                __aeabi_uidivmod
 .text          0x00208084      0x148 /mnt/n7fs/nxt/gcc-arm-none-eabi-4_9-2015q3//lib/gcc/arm-none-eabi/4.9.3//libgcc.a(_divsi3.o)
                0x00208084                __aeabi_idiv
                0x00208084                __divsi3
                0x002081ac                __aeabi_idivmod
 .text          0x002081cc        0x4 /mnt/n7fs/nxt/gcc-arm-none-eabi-4_9-2015q3//lib/gcc/arm-none-eabi/4.9.3//libgcc.a(_dvmd_tls.o)
                0x002081cc                __aeabi_ldiv0
                0x002081cc                __aeabi_idiv0
 .text          0x002081d0      0x41c /mnt/n7fs/nxt/gcc-arm-none-eabi-4_9-2015q3//lib/gcc/arm-none-eabi/4.9.3//libgcc.a(_arm_addsubdf3.o)
                0x002081d0                __aeabi_drsub
                0x002081d8                __aeabi_dsub
                0x002081d8                __subdf3
                0x002081dc                __adddf3
                0x002081dc                __aeabi_dadd
                0x002084ec                __aeabi_ui2d
                0x002084ec                __floatunsidf
                0x00208510                __floatsidf
                0x00208510                __aeabi_i2d
                0x00208538                __extendsfdf2
                0x00208538                __aeabi_f2d
                0x00208578                __aeabi_ul2d
                0x00208578                __floatundidf
                0x0020858c                __floatdidf
                0x0020858c                __aeabi_l2d
 .text          0x002085ec      0x49c /mnt/n7fs/nxt/gcc-arm-none-eabi-4_9-2015q3//lib/gcc/arm-none-eabi/4.9.3//libgcc.a(_arm_muldivdf3.o)
                0x002085ec                __aeabi_dmul
                0x002085ec                __muldf3
                0x0020887c                __aeabi_ddiv
                0x0020887c                __divdf3
 .text          0x00208a88       0x5c /mnt/n7fs/nxt/gcc-arm-none-eabi-4_9-2015q3//lib/gcc/arm-none-eabi/4.9.3//libgcc.a(_arm_fixdfsi.o)
                0x00208a88                __fixdfsi
                0x00208a88                __aeabi_d2iz
 .text          0x00208ae4       0xa0 /mnt/n7fs/nxt/gcc-arm-none-eabi-4_9-2015q3//lib/gcc/arm-none-eabi/4.9.3//libgcc.a(_arm_truncdfsf2.o)
                0x00208ae4                __aeabi_d2f
                0x00208ae4                __truncdfsf2
 .text          0x00208b84      0x2ac /mnt/n7fs/nxt/gcc-arm-none-eabi-4_9-2015q3//lib/gcc/arm-none-eabi/4.9.3//libgcc.a(_arm_addsubsf3.o)
                0x00208b84                __aeabi_frsub
                0x00208b8c                __subsf3
                0x00208b8c                __aeabi_fsub
                0x00208b90                __aeabi_fadd
                0x00208b90                __addsf3
                0x00208d4c                __aeabi_ui2f
                0x00208d4c                __floatunsisf
                0x00208d54                __aeabi_i2f
                0x00208d54                __floatsisf
                0x00208d74                __floatundisf
                0x00208d74                __aeabi_ul2f
                0x00208d84                __floatdisf
                0x00208d84                __aeabi_l2f
 .text          0x00208e30      0x2f8 /mnt/n7fs/nxt/gcc-arm-none-eabi-4_9-2015q3//lib/gcc/arm-none-eabi/4.9.3//libgcc.a(_arm_muldivsf3.o)
                0x00208e30                __mulsf3
                0x00208e30                __aeabi_fmul
                0x00208fc8                __divsf3
                0x00208fc8                __aeabi_fdiv
 .text          0x00209128      0x114 /mnt/n7fs/nxt/gcc-arm-none-eabi-4_9-2015q3//lib/gcc/arm-none-eabi/4.9.3//libgcc.a(_arm_cmpsf2.o)
                0x00209128                __gtsf2
                0x00209128                __gesf2
                0x00209130                __lesf2
                0x00209130                __ltsf2
                0x00209138                __nesf2
                0x00209138                __eqsf2
                0x00209138                __cmpsf2
                0x0020919c                __aeabi_cfrcmple
                0x002091ac                __aeabi_cfcmple
                0x002091ac                __aeabi_cfcmpeq
                0x002091c4                __aeabi_fcmpeq
                0x002091dc                __aeabi_fcmplt
                0x002091f4                __aeabi_fcmple
                0x0020920c                __aeabi_fcmpge
                0x00209224                __aeabi_fcmpgt
 .text          0x0020923c       0x5c /mnt/n7fs/nxt/gcc-arm-none-eabi-4_9-2015q3//lib/gcc/arm-none-eabi/4.9.3//libgcc.a(_arm_fixsfsi.o)
                0x0020923c                __fixsfsi
                0x0020923c                __aeabi_f2iz
 .text.memcpy   0x00209298       0xf0 /mnt/n7fs/nxt/gcc-arm-none-eabi-4_9-2015q3//arm-none-eabi/lib/libc.a(lib_a-memcpy.o)
                0x00209298                memcpy
 .text.memset   0x00209388       0xf4 /mnt/n7fs/nxt/gcc-arm-none-eabi-4_9-2015q3//arm-none-eabi/lib/libc.a(lib_a-memset.o)
                0x00209388                memset
 .text.strlen   0x0020947c       0x60 /mnt/n7fs/nxt/gcc-arm-none-eabi-4_9-2015q3//arm-none-eabi/lib/libc.a(lib_a-strlen.o)
                0x0020947c                strlen
                0x002094e0                . = ALIGN (0x10)
 *fill*         0x002094dc        0x4 
                0x00200080                __ramtext_ram_start__ = ADDR (ostext)
                0x002094e0                __ramtext_ram_end__ = (ADDR (text_garbage) + SIZEOF (text_garbage))
                0x00200080                __ramtext_load_start__ = LOADADDR (ostext)
                0x002094e0                __ramtext_load_end__ = ((((((((((__ramtext_load_start__ + SIZEOF (ostext)) + SIZEOF (osconst)) + SIZEOF (osvars)) + SIZEOF (apptext)) + SIZEOF (appconst)) + SIZEOF (procconst)) + SIZEOF (procvars)) + SIZEOF (procstack)) + SIZEOF (appvars)) + SIZEOF (text_garbage))

.data           0x002094e0      0x510
 *(*.data *.data.*)
 .bss.data.5463
                0x002094e0        0x4 build/obj/ecrobot_interface.c.o
 .data.distance_state
                0x002094e4       0x10 build/obj/ecrobot_interface.c.o
 .data.deviceStatus
                0x002094f4        0x1 build/obj/ecrobot_interface.c.o
 .data.bt_status
                0x002094f5        0x1 build/obj/ecrobot_bluetooth.c.o
 *fill*         0x002094f6        0x2 
 .data.display_auto_update
                0x002094f8        0x4 build/obj/display.c.o
                0x002094f8                display_auto_update
 .bss.data      0x002094fc        0x4 build/obj/nxt_spi.c.o
                0x002094fc                data
 .data.mode     0x00209500        0x1 build/obj/nxt_spi.c.o
                0x00209500                mode
 *fill*         0x00209501        0x3 
 .data.isr_button_right_isr_helper
                0x00209504        0xc build/obj/tpl_app_config.c.o
                0x00209504                isr_button_right_isr_helper
 .data.isr_button_start_isr_helper
                0x00209510        0xc build/obj/tpl_app_config.c.o
                0x00209510                isr_button_start_isr_helper
 .data.isr_button_left_isr_helper
                0x0020951c        0xc build/obj/tpl_app_config.c.o
                0x0020951c                isr_button_left_isr_helper
 .data.isr_button_stop_isr_helper
                0x00209528        0xc build/obj/tpl_app_config.c.o
                0x00209528                isr_button_stop_isr_helper
 *(.rodata)
 .rodata        0x00209534       0x10 build/obj/nxtSegway.c.o
 .rodata        0x00209544       0x20 build/obj/sensors.c.o
 *(.rodata*)
 .rodata.str1.1
                0x00209564       0x38 build/obj/nxtSegway.c.o
 .rodata.str1.1
                0x0020959c       0x54 build/obj/nxt_exception_catch.c.o
 .rodata.str1.1
                0x002095f0       0x6d build/obj/ecrobot_interface.c.o
 .rodata.avr_brainwash_string
                0x0020965d       0x30 build/obj/nxt_avr.c.o
                0x0020965d                avr_brainwash_string
 *fill*         0x0020968d        0x3 
 .rodata.i2c_pin
                0x00209690       0x20 build/obj/i2c.c.o
 .rodata.str1.1
                0x002096b0       0x67 build/obj/display.c.o
 .rodata.font   0x00209717      0x280 build/obj/display.c.o
 .rodata.sine   0x00209997       0x10 build/obj/sound.c.o
                0x00209997                sine
 .rodata.logvol
                0x002099a7        0xc build/obj/sound.c.o
                0x002099a7                logvol
 .rodata.str1.1
                0x002099b3       0x31 build/obj/tpl_app_config.c.o
                                 0x63 (size before relaxing)
                0x002099f0                . = ALIGN (0x10)
 *fill*         0x002099e4        0xc 

.igot.plt       0x002099f0        0x0
 .igot.plt      0x00000000        0x0 build/obj/nxtSegway.c.o

.bss            0x002099f0      0x915
 *(.bss)
 *(.bss*)
 .bss.ue        0x002099f0        0x4 build/obj/nxtSegway.c.o
                0x002099f0                ue
 .bss.xe        0x002099f4       0x10 build/obj/nxtSegway.c.o
                0x002099f4                xe
 .bss.nxtSegway_mode
                0x00209a04        0x1 build/obj/nxtSegway.c.o
                0x00209a04                nxtSegway_mode
 *fill*         0x00209a05        0x3 
 .bss.previous_time
                0x00209a08        0x4 build/obj/tools.c.o
                0x00209a08                previous_time
 .bss.tpl_it_nesting.5301
                0x00209a0c        0x4 build/obj/tpl_os_it_kernel.c.o
 .bss.tpl_counters_enabled
                0x00209a10        0x1 build/obj/tpl_os_timeobj_kernel.c.o
 *fill*         0x00209a11        0x3 
 .bss.saved_psr
                0x00209a14        0x4 build/obj/nxt_exception_catch.c.o
                0x00209a14                saved_psr
 .bss.exception_catch_id
                0x00209a18        0x4 build/obj/nxt_exception_catch.c.o
                0x00209a18                exception_catch_id
 .bss.exception_catch_pc
                0x00209a1c        0x4 build/obj/nxt_exception_catch.c.o
                0x00209a1c                exception_catch_pc
 .bss.ecrobot_inputs
                0x00209a20        0x8 build/obj/ecrobot_interface.c.o
 .bss.buttons_states
                0x00209a28       0x14 build/obj/ecrobot_interface.c.o
 .bss.buttons_i
                0x00209a3c        0x4 build/obj/ecrobot_interface.c.o
 .bss.handle    0x00209a40        0x1 build/obj/ecrobot_bluetooth.c.o
 .bss.sendBuf   0x00209a41       0xfe build/obj/ecrobot_bluetooth.c.o
 *fill*         0x00209b3f        0x1 
 .bss.update_count
                0x00209b40        0x4 build/obj/nxt_avr.c.o
 .bss.debounce_state
                0x00209b44        0x2 build/obj/nxt_avr.c.o
 .bss.button_state
                0x00209b46        0x2 build/obj/nxt_avr.c.o
 .bss.from_buf  0x00209b48        0x4 build/obj/nxt_avr.c.o
 .bss.io_from_avr
                0x00209b4c        0x4 build/obj/nxt_avr.c.o
 .bss.data_from_avr
                0x00209b50       0x1a build/obj/nxt_avr.c.o
 .bss.debounce_cnt
                0x00209b6a        0x2 build/obj/nxt_avr.c.o
 .bss.nxt_avr_stats
                0x00209b6c       0x14 build/obj/nxt_avr.c.o
 .bss.link_state
                0x00209b80        0x4 build/obj/nxt_avr.c.o
 .bss.io_to_avr
                0x00209b84        0x8 build/obj/nxt_avr.c.o
 .bss.prev_buttons
                0x00209b8c        0x2 build/obj/nxt_avr.c.o
 .bss.data_to_avr
                0x00209b8e        0x9 build/obj/nxt_avr.c.o
 *fill*         0x00209b97        0x1 
 .bss.i2c_port  0x00209b98      0x170 build/obj/i2c.c.o
 .bss.i2c_int_count
                0x00209d08        0x4 build/obj/i2c.c.o
 .bss.systick_ms
                0x00209d0c        0x4 build/obj/systick.c.o
 .bss.motor     0x00209d10       0x30 build/obj/nxt_motors.c.o
 .bss.nxt_motor_initialised
                0x00209d40        0x4 build/obj/nxt_motors.c.o
 .bss.interrupts_this_period
                0x00209d44        0x4 build/obj/nxt_motors.c.o
 .bss.bt_state  0x00209d48        0x1 build/obj/bt.c.o
                0x00209d48                bt_state
 .bss.out_buf_ptr
                0x00209d49        0x1 build/obj/bt.c.o
 .bss.out_buf   0x00209d4a      0x200 build/obj/bt.c.o
 *fill*         0x00209f4a        0x2 
 .bss.buf_ptr   0x00209f4c        0x4 build/obj/bt.c.o
 .bss.bt_frame_received
                0x00209f50        0x1 build/obj/bt.c.o
                0x00209f50                bt_frame_received
 *fill*         0x00209f51        0x1 
 .bss.bt_length
                0x00209f52        0x2 build/obj/bt.c.o
                0x00209f52                bt_length
 .bss.in_buf_in_ptr
                0x00209f54        0x1 build/obj/bt.c.o
 *fill*         0x00209f55        0x3 
 .bss.in_buf_idx
                0x00209f58        0x4 build/obj/bt.c.o
 .bss.display_array
                0x00209f5c      0x388 build/obj/display.c.o
 .bss.display_tick
                0x0020a2e4        0x4 build/obj/display.c.o
                0x0020a2e4                display_tick
 .bss.twi_state
                0x0020a2e8        0x1 build/obj/twi.c.o
 *fill*         0x0020a2e9        0x3 
 .bss.twi_ptr   0x0020a2ec        0x4 build/obj/twi.c.o
 .bss.twi_pending
                0x0020a2f0        0x4 build/obj/twi.c.o
 .bss.twi_mask  0x0020a2f4        0x4 build/obj/twi.c.o
 .bss.display   0x0020a2f8        0x4 build/obj/nxt_lcd.c.o
 .bss.dirty     0x0020a2fc        0x1 build/obj/nxt_spi.c.o
                0x0020a2fc                dirty
 .bss.page      0x0020a2fd        0x1 build/obj/nxt_spi.c.o
                0x0020a2fd                page
 *fill*         0x0020a2fe        0x2 
 .bss.display   0x0020a300        0x4 build/obj/nxt_spi.c.o
                0x0020a300                display
 .bss.sound_mode
                0x0020a304        0x1 build/obj/sound.c.o
                0x0020a304                sound_mode
                0x0020a310                . = ALIGN (0x10)

garbage         0x0020a308      0x4d8
 *(COMMON)
 COMMON         0x0020a308       0x34 build/obj/nxtSegway.c.o
                0x0020a308                x
                0x0020a318                avg_cnt
                0x0020a31c                setpoint
                0x0020a320                gyro_offset_sum
                0x0020a324                distance
                0x0020a328                gyro_offset
                0x0020a32c                y
                0x0020a334                brake
                0x0020a338                u
 COMMON         0x0020a33c      0x180 build/obj/bt.c.o
                0x0020a33c                in_buf
                0x0020a43c                bt_frame
 COMMON         0x0020a4bc        0x8 build/obj/display.c.o
                0x0020a4bc                display_x
                0x0020a4c0                display_y
 COMMON         0x0020a4c4      0x31c build/obj/sound.c.o
                0x0020a4c4                sample
                0x002094e0                __data_ram_start__ = ADDR (.data)
                0x0020a7e0                __data_ram_end__ = (ADDR (garbage) + SIZEOF (garbage))
                0x002094e0                __data_load_start__ = LOADADDR (.data)
                0x0020a7dd                __data_load_end__ = (((__data_load_start__ + SIZEOF (.data)) + SIZEOF (.bss)) + SIZEOF (garbage))

.comment        0x0020a7e0       0x70
 *(.glue_7*)
 .glue_7        0x00000000        0x0 linker stubs
 .glue_7t       0x00000000        0x0 linker stubs
 *(.comment)
 .comment       0x0020a7e0       0x70 build/obj/nxtSegway.c.o
                                 0x71 (size before relaxing)
 .comment       0x00000000       0x71 build/obj/tools.c.o
 .comment       0x00000000       0x71 build/obj/tpl_dispatch_table.c.o
 .comment       0x00000000       0x71 build/obj/tpl_os_alarm_kernel.c.o
 .comment       0x00000000       0x71 build/obj/tpl_os_event_kernel.c.o
 .comment       0x00000000       0x71 build/obj/tpl_os_it_kernel.c.o
 .comment       0x00000000       0x71 build/obj/tpl_os_rez_kernel.c.o
 .comment       0x00000000       0x71 build/obj/tpl_os_task_kernel.c.o
 .comment       0x00000000       0x71 build/obj/tpl_os_timeobj_kernel.c.o
 .comment       0x00000000       0x71 build/obj/tpl_os_kernel.c.o
 .comment       0x00000000       0x71 build/obj/tpl_os_action.c.o
 .comment       0x00000000       0x71 build/obj/tpl_os.c.o
 .comment       0x00000000       0x71 build/obj/tpl_machine_arm_generic.c.o
 .comment       0x00000000       0x71 build/obj/nxt_tpl_stubs.c.o
 .comment       0x00000000       0x71 build/obj/nxt_irq.c.o
 .comment       0x00000000       0x71 build/obj/nxt_exception_catch.c.o
 .comment       0x00000000       0x71 build/obj/ecrobot_interface.c.o
 .comment       0x00000000       0x71 build/obj/ecrobot_bluetooth.c.o
 .comment       0x00000000       0x71 build/obj/ecrobot_HiTechnic.c.o
 .comment       0x00000000       0x71 build/obj/flash_loader.c.o
 .comment       0x00000000       0x71 build/obj/aic.c.o
 .comment       0x00000000       0x71 build/obj/nxt_avr.c.o
 .comment       0x00000000       0x71 build/obj/i2c.c.o
 .comment       0x00000000       0x71 build/obj/systick.c.o
 .comment       0x00000000       0x71 build/obj/nxt_motors.c.o
 .comment       0x00000000       0x71 build/obj/bt.c.o
 .comment       0x00000000       0x71 build/obj/display.c.o
 .comment       0x00000000       0x71 build/obj/sensors.c.o
 .comment       0x00000000       0x71 build/obj/twi.c.o
 .comment       0x00000000       0x71 build/obj/nxt_lcd.c.o
 .comment       0x00000000       0x71 build/obj/nxt_spi.c.o
 .comment       0x00000000       0x71 build/obj/sound.c.o
 .comment       0x00000000       0x71 build/obj/buttons.c.o
 .comment       0x00000000       0x71 build/obj/tpl_app_config.c.o
OUTPUT(nxtSegway_exe elf32-littlearm)

.ARM.attributes
                0x00000000       0x2e
 .ARM.attributes
                0x00000000       0x30 build/obj/nxtSegway.c.o
 .ARM.attributes
                0x00000030       0x30 build/obj/tools.c.o
 .ARM.attributes
                0x00000060       0x30 build/obj/tpl_dispatch_table.c.o
 .ARM.attributes
                0x00000090       0x20 build/obj/tpl_invoque.S.o
 .ARM.attributes
                0x000000b0       0x30 build/obj/tpl_os_alarm_kernel.c.o
 .ARM.attributes
                0x000000e0       0x30 build/obj/tpl_os_event_kernel.c.o
 .ARM.attributes
                0x00000110       0x30 build/obj/tpl_os_it_kernel.c.o
 .ARM.attributes
                0x00000140       0x30 build/obj/tpl_os_rez_kernel.c.o
 .ARM.attributes
                0x00000170       0x30 build/obj/tpl_os_task_kernel.c.o
 .ARM.attributes
                0x000001a0       0x30 build/obj/tpl_os_timeobj_kernel.c.o
 .ARM.attributes
                0x000001d0       0x30 build/obj/tpl_os_kernel.c.o
 .ARM.attributes
                0x00000200       0x30 build/obj/tpl_os_action.c.o
 .ARM.attributes
                0x00000230       0x30 build/obj/tpl_os.c.o
 .ARM.attributes
                0x00000260       0x30 build/obj/tpl_machine_arm_generic.c.o
 .ARM.attributes
                0x00000290       0x20 build/obj/tpl_irq.S.o
 .ARM.attributes
                0x000002b0       0x20 build/obj/tpl_system_call.S.o
 .ARM.attributes
                0x000002d0       0x20 build/obj/tpl_stacks.S.o
 .ARM.attributes
                0x000002f0       0x20 build/obj/tpl_vector_table.s.o
 .ARM.attributes
                0x00000310       0x20 build/obj/nxt_tpl_sleep.S.o
 .ARM.attributes
                0x00000330       0x30 build/obj/nxt_tpl_stubs.c.o
 .ARM.attributes
                0x00000360       0x30 build/obj/nxt_irq.c.o
 .ARM.attributes
                0x00000390       0x20 build/obj/nxt_exception_catch.S.o
 .ARM.attributes
                0x000003b0       0x20 build/obj/nxt_bootstrap_stage1.S.o
 .ARM.attributes
                0x000003d0       0x30 build/obj/nxt_exception_catch.c.o
 .ARM.attributes
                0x00000400       0x20 build/obj/nxt_binary_header.s.o
 .ARM.attributes
                0x00000420       0x20 build/obj/nxt_entry_point.s.o
 .ARM.attributes
                0x00000440       0x20 build/obj/interrupts.s.o
 .ARM.attributes
                0x00000460       0x30 build/obj/ecrobot_interface.c.o
 .ARM.attributes
                0x00000490       0x30 build/obj/ecrobot_bluetooth.c.o
 .ARM.attributes
                0x000004c0       0x30 build/obj/ecrobot_HiTechnic.c.o
 .ARM.attributes
                0x000004f0       0x30 build/obj/flash_loader.c.o
 .ARM.attributes
                0x00000520       0x30 build/obj/aic.c.o
 .ARM.attributes
                0x00000550       0x30 build/obj/nxt_avr.c.o
 .ARM.attributes
                0x00000580       0x30 build/obj/i2c.c.o
 .ARM.attributes
                0x000005b0       0x30 build/obj/systick.c.o
 .ARM.attributes
                0x000005e0       0x30 build/obj/nxt_motors.c.o
 .ARM.attributes
                0x00000610       0x30 build/obj/bt.c.o
 .ARM.attributes
                0x00000640       0x30 build/obj/display.c.o
 .ARM.attributes
                0x00000670       0x30 build/obj/sensors.c.o
 .ARM.attributes
                0x000006a0       0x30 build/obj/twi.c.o
 .ARM.attributes
                0x000006d0       0x30 build/obj/nxt_lcd.c.o
 .ARM.attributes
                0x00000700       0x30 build/obj/nxt_spi.c.o
 .ARM.attributes
                0x00000730       0x30 build/obj/sound.c.o
 .ARM.attributes
                0x00000760       0x30 build/obj/buttons.c.o
 .ARM.attributes
                0x00000790       0x30 build/obj/tpl_app_config.c.o
 .ARM.attributes
                0x000007c0       0x18 /mnt/n7fs/nxt/gcc-arm-none-eabi-4_9-2015q3//lib/gcc/arm-none-eabi/4.9.3//libgcc.a(_udivsi3.o)
 .ARM.attributes
                0x000007d8       0x18 /mnt/n7fs/nxt/gcc-arm-none-eabi-4_9-2015q3//lib/gcc/arm-none-eabi/4.9.3//libgcc.a(_divsi3.o)
 .ARM.attributes
                0x000007f0       0x18 /mnt/n7fs/nxt/gcc-arm-none-eabi-4_9-2015q3//lib/gcc/arm-none-eabi/4.9.3//libgcc.a(_dvmd_tls.o)
 .ARM.attributes
                0x00000808       0x18 /mnt/n7fs/nxt/gcc-arm-none-eabi-4_9-2015q3//lib/gcc/arm-none-eabi/4.9.3//libgcc.a(_arm_addsubdf3.o)
 .ARM.attributes
                0x00000820       0x18 /mnt/n7fs/nxt/gcc-arm-none-eabi-4_9-2015q3//lib/gcc/arm-none-eabi/4.9.3//libgcc.a(_arm_muldivdf3.o)
 .ARM.attributes
                0x00000838       0x18 /mnt/n7fs/nxt/gcc-arm-none-eabi-4_9-2015q3//lib/gcc/arm-none-eabi/4.9.3//libgcc.a(_arm_fixdfsi.o)
 .ARM.attributes
                0x00000850       0x18 /mnt/n7fs/nxt/gcc-arm-none-eabi-4_9-2015q3//lib/gcc/arm-none-eabi/4.9.3//libgcc.a(_arm_truncdfsf2.o)
 .ARM.attributes
                0x00000868       0x18 /mnt/n7fs/nxt/gcc-arm-none-eabi-4_9-2015q3//lib/gcc/arm-none-eabi/4.9.3//libgcc.a(_arm_addsubsf3.o)
 .ARM.attributes
                0x00000880       0x18 /mnt/n7fs/nxt/gcc-arm-none-eabi-4_9-2015q3//lib/gcc/arm-none-eabi/4.9.3//libgcc.a(_arm_muldivsf3.o)
 .ARM.attributes
                0x00000898       0x18 /mnt/n7fs/nxt/gcc-arm-none-eabi-4_9-2015q3//lib/gcc/arm-none-eabi/4.9.3//libgcc.a(_arm_cmpsf2.o)
 .ARM.attributes
                0x000008b0       0x18 /mnt/n7fs/nxt/gcc-arm-none-eabi-4_9-2015q3//lib/gcc/arm-none-eabi/4.9.3//libgcc.a(_arm_fixsfsi.o)
 .ARM.attributes
                0x000008c8       0x30 /mnt/n7fs/nxt/gcc-arm-none-eabi-4_9-2015q3//arm-none-eabi/lib/libc.a(lib_a-memcpy.o)
 .ARM.attributes
                0x000008f8       0x30 /mnt/n7fs/nxt/gcc-arm-none-eabi-4_9-2015q3//arm-none-eabi/lib/libc.a(lib_a-memset.o)
 .ARM.attributes
                0x00000928       0x30 /mnt/n7fs/nxt/gcc-arm-none-eabi-4_9-2015q3//arm-none-eabi/lib/libc.a(lib_a-strlen.o)

.vfp11_veneer   0x0020a850        0x0 load address 0x00000958
 .vfp11_veneer  0x00000000        0x0 linker stubs

.v4_bx          0x0020a850        0x0 load address 0x00000958
 .v4_bx         0x00000000        0x0 linker stubs

.iplt           0x0020a850        0x0 load address 0x00000958
 .iplt          0x00000000        0x0 build/obj/nxtSegway.c.o

.rel.dyn        0x0020a850        0x0 load address 0x00000958
 .rel.iplt      0x00000000        0x0 build/obj/nxtSegway.c.o

.debug_info     0x00000000    0x113f9
 .debug_info    0x00000000      0x9dd build/obj/nxtSegway.c.o
 .debug_info    0x000009dd      0x855 build/obj/tools.c.o
 .debug_info    0x00001232      0x2bb build/obj/tpl_dispatch_table.c.o
 .debug_info    0x000014ed       0xbe build/obj/tpl_invoque.S.o
 .debug_info    0x000015ab      0x803 build/obj/tpl_os_alarm_kernel.c.o
 .debug_info    0x00001dae      0x6f3 build/obj/tpl_os_event_kernel.c.o
 .debug_info    0x000024a1      0x992 build/obj/tpl_os_it_kernel.c.o
 .debug_info    0x00002e33      0x72c build/obj/tpl_os_rez_kernel.c.o
 .debug_info    0x0000355f      0x7eb build/obj/tpl_os_task_kernel.c.o
 .debug_info    0x00003d4a      0x639 build/obj/tpl_os_timeobj_kernel.c.o
 .debug_info    0x00004383      0xe4b build/obj/tpl_os_kernel.c.o
 .debug_info    0x000051ce      0x4c4 build/obj/tpl_os_action.c.o
 .debug_info    0x00005692      0x302 build/obj/tpl_os.c.o
 .debug_info    0x00005994      0x68b build/obj/tpl_machine_arm_generic.c.o
 .debug_info    0x0000601f       0xdb build/obj/tpl_irq.S.o
 .debug_info    0x000060fa       0xe3 build/obj/tpl_system_call.S.o
 .debug_info    0x000061dd       0xe4 build/obj/tpl_vector_table.s.o
 .debug_info    0x000062c1       0xe5 build/obj/nxt_tpl_sleep.S.o
 .debug_info    0x000063a6      0x407 build/obj/nxt_tpl_stubs.c.o
 .debug_info    0x000067ad      0x37a build/obj/nxt_irq.c.o
 .debug_info    0x00006b27       0xeb build/obj/nxt_exception_catch.S.o
 .debug_info    0x00006c12       0xec build/obj/nxt_bootstrap_stage1.S.o
 .debug_info    0x00006cfe      0x1dd build/obj/nxt_exception_catch.c.o
 .debug_info    0x00006edb       0xe7 build/obj/nxt_entry_point.s.o
 .debug_info    0x00006fc2       0xe2 build/obj/interrupts.s.o
 .debug_info    0x000070a4     0x202a build/obj/ecrobot_interface.c.o
 .debug_info    0x000090ce      0xdfd build/obj/ecrobot_bluetooth.c.o
 .debug_info    0x00009ecb      0x988 build/obj/ecrobot_HiTechnic.c.o
 .debug_info    0x0000a853      0xa3f build/obj/flash_loader.c.o
 .debug_info    0x0000b292      0x945 build/obj/aic.c.o
 .debug_info    0x0000bbd7      0x695 build/obj/nxt_avr.c.o
 .debug_info    0x0000c26c      0x6ca build/obj/i2c.c.o
 .debug_info    0x0000c936      0x2ed build/obj/systick.c.o
 .debug_info    0x0000cc23      0x3d0 build/obj/nxt_motors.c.o
 .debug_info    0x0000cff3      0x851 build/obj/bt.c.o
 .debug_info    0x0000d844      0x9f3 build/obj/display.c.o
 .debug_info    0x0000e237      0x66c build/obj/sensors.c.o
 .debug_info    0x0000e8a3      0x2f5 build/obj/twi.c.o
 .debug_info    0x0000eb98      0x807 build/obj/nxt_lcd.c.o
 .debug_info    0x0000f39f      0x2ea build/obj/nxt_spi.c.o
 .debug_info    0x0000f689      0x7c6 build/obj/sound.c.o
 .debug_info    0x0000fe4f      0x44b build/obj/buttons.c.o
 .debug_info    0x0001029a     0x115f build/obj/tpl_app_config.c.o

.debug_abbrev   0x00000000     0x47e0
 .debug_abbrev  0x00000000      0x251 build/obj/nxtSegway.c.o
 .debug_abbrev  0x00000251      0x2bf build/obj/tools.c.o
 .debug_abbrev  0x00000510       0xe8 build/obj/tpl_dispatch_table.c.o
 .debug_abbrev  0x000005f8       0x14 build/obj/tpl_invoque.S.o
 .debug_abbrev  0x0000060c      0x21e build/obj/tpl_os_alarm_kernel.c.o
 .debug_abbrev  0x0000082a      0x198 build/obj/tpl_os_event_kernel.c.o
 .debug_abbrev  0x000009c2      0x31f build/obj/tpl_os_it_kernel.c.o
 .debug_abbrev  0x00000ce1      0x1d0 build/obj/tpl_os_rez_kernel.c.o
 .debug_abbrev  0x00000eb1      0x24b build/obj/tpl_os_task_kernel.c.o
 .debug_abbrev  0x000010fc      0x20c build/obj/tpl_os_timeobj_kernel.c.o
 .debug_abbrev  0x00001308      0x291 build/obj/tpl_os_kernel.c.o
 .debug_abbrev  0x00001599      0x15e build/obj/tpl_os_action.c.o
 .debug_abbrev  0x000016f7      0x143 build/obj/tpl_os.c.o
 .debug_abbrev  0x0000183a      0x1c6 build/obj/tpl_machine_arm_generic.c.o
 .debug_abbrev  0x00001a00       0x14 build/obj/tpl_irq.S.o
 .debug_abbrev  0x00001a14       0x14 build/obj/tpl_system_call.S.o
 .debug_abbrev  0x00001a28       0x14 build/obj/tpl_vector_table.s.o
 .debug_abbrev  0x00001a3c       0x14 build/obj/nxt_tpl_sleep.S.o
 .debug_abbrev  0x00001a50      0x152 build/obj/nxt_tpl_stubs.c.o
 .debug_abbrev  0x00001ba2      0x155 build/obj/nxt_irq.c.o
 .debug_abbrev  0x00001cf7       0x14 build/obj/nxt_exception_catch.S.o
 .debug_abbrev  0x00001d0b       0x14 build/obj/nxt_bootstrap_stage1.S.o
 .debug_abbrev  0x00001d1f       0xbf build/obj/nxt_exception_catch.c.o
 .debug_abbrev  0x00001dde       0x14 build/obj/nxt_entry_point.s.o
 .debug_abbrev  0x00001df2       0x14 build/obj/interrupts.s.o
 .debug_abbrev  0x00001e06      0x405 build/obj/ecrobot_interface.c.o
 .debug_abbrev  0x0000220b      0x3e8 build/obj/ecrobot_bluetooth.c.o
 .debug_abbrev  0x000025f3      0x21e build/obj/ecrobot_HiTechnic.c.o
 .debug_abbrev  0x00002811      0x268 build/obj/flash_loader.c.o
 .debug_abbrev  0x00002a79      0x11f build/obj/aic.c.o
 .debug_abbrev  0x00002b98      0x26c build/obj/nxt_avr.c.o
 .debug_abbrev  0x00002e04      0x2a7 build/obj/i2c.c.o
 .debug_abbrev  0x000030ab      0x126 build/obj/systick.c.o
 .debug_abbrev  0x000031d1      0x1b7 build/obj/nxt_motors.c.o
 .debug_abbrev  0x00003388      0x2fd build/obj/bt.c.o
 .debug_abbrev  0x00003685      0x387 build/obj/display.c.o
 .debug_abbrev  0x00003a0c      0x1de build/obj/sensors.c.o
 .debug_abbrev  0x00003bea      0x159 build/obj/twi.c.o
 .debug_abbrev  0x00003d43      0x1ba build/obj/nxt_lcd.c.o
 .debug_abbrev  0x00003efd      0x1ab build/obj/nxt_spi.c.o
 .debug_abbrev  0x000040a8      0x359 build/obj/sound.c.o
 .debug_abbrev  0x00004401      0x19e build/obj/buttons.c.o
 .debug_abbrev  0x0000459f      0x241 build/obj/tpl_app_config.c.o

.debug_loc      0x00000000     0x4cff
 .debug_loc     0x00000000      0x1cb build/obj/nxtSegway.c.o
 .debug_loc     0x000001cb      0x54a build/obj/tools.c.o
 .debug_loc     0x00000715      0x364 build/obj/tpl_os_alarm_kernel.c.o
 .debug_loc     0x00000a79      0x126 build/obj/tpl_os_event_kernel.c.o
 .debug_loc     0x00000b9f       0x89 build/obj/tpl_os_it_kernel.c.o
 .debug_loc     0x00000c28       0xf3 build/obj/tpl_os_rez_kernel.c.o
 .debug_loc     0x00000d1b      0x119 build/obj/tpl_os_task_kernel.c.o
 .debug_loc     0x00000e34      0x197 build/obj/tpl_os_timeobj_kernel.c.o
 .debug_loc     0x00000fcb      0x356 build/obj/tpl_os_kernel.c.o
 .debug_loc     0x00001321       0xac build/obj/tpl_os_action.c.o
 .debug_loc     0x000013cd       0x21 build/obj/tpl_os.c.o
 .debug_loc     0x000013ee       0x55 build/obj/tpl_machine_arm_generic.c.o
 .debug_loc     0x00001443       0x13 build/obj/nxt_irq.c.o
 .debug_loc     0x00001456      0xdb9 build/obj/ecrobot_interface.c.o
 .debug_loc     0x0000220f      0x58d build/obj/ecrobot_bluetooth.c.o
 .debug_loc     0x0000279c      0x303 build/obj/ecrobot_HiTechnic.c.o
 .debug_loc     0x00002a9f      0x203 build/obj/flash_loader.c.o
 .debug_loc     0x00002ca2      0x173 build/obj/aic.c.o
 .debug_loc     0x00002e15      0x237 build/obj/nxt_avr.c.o
 .debug_loc     0x0000304c      0x494 build/obj/i2c.c.o
 .debug_loc     0x000034e0       0x60 build/obj/systick.c.o
 .debug_loc     0x00003540      0x1d3 build/obj/nxt_motors.c.o
 .debug_loc     0x00003713      0x419 build/obj/bt.c.o
 .debug_loc     0x00003b2c      0x50a build/obj/display.c.o
 .debug_loc     0x00004036      0x168 build/obj/sensors.c.o
 .debug_loc     0x0000419e      0x16b build/obj/twi.c.o
 .debug_loc     0x00004309      0x2b2 build/obj/nxt_lcd.c.o
 .debug_loc     0x000045bb       0xda build/obj/nxt_spi.c.o
 .debug_loc     0x00004695      0x5e2 build/obj/sound.c.o
 .debug_loc     0x00004c77       0x69 build/obj/buttons.c.o
 .debug_loc     0x00004ce0       0x1f build/obj/tpl_app_config.c.o

.debug_aranges  0x00000000      0xde8
 .debug_aranges
                0x00000000       0x68 build/obj/nxtSegway.c.o
 .debug_aranges
                0x00000068       0x68 build/obj/tools.c.o
 .debug_aranges
                0x000000d0       0x18 build/obj/tpl_dispatch_table.c.o
 .debug_aranges
                0x000000e8       0x20 build/obj/tpl_invoque.S.o
 .debug_aranges
                0x00000108       0x48 build/obj/tpl_os_alarm_kernel.c.o
 .debug_aranges
                0x00000150       0x38 build/obj/tpl_os_event_kernel.c.o
 .debug_aranges
                0x00000188       0x80 build/obj/tpl_os_it_kernel.c.o
 .debug_aranges
                0x00000208       0x30 build/obj/tpl_os_rez_kernel.c.o
 .debug_aranges
                0x00000238       0x48 build/obj/tpl_os_task_kernel.c.o
 .debug_aranges
                0x00000280       0x38 build/obj/tpl_os_timeobj_kernel.c.o
 .debug_aranges
                0x000002b8       0xb0 build/obj/tpl_os_kernel.c.o
 .debug_aranges
                0x00000368       0x30 build/obj/tpl_os_action.c.o
 .debug_aranges
                0x00000398       0x20 build/obj/tpl_os.c.o
 .debug_aranges
                0x000003b8       0x50 build/obj/tpl_machine_arm_generic.c.o
 .debug_aranges
                0x00000408       0x20 build/obj/tpl_irq.S.o
 .debug_aranges
                0x00000428       0x20 build/obj/tpl_system_call.S.o
 .debug_aranges
                0x00000448       0x20 build/obj/tpl_vector_table.s.o
 .debug_aranges
                0x00000468       0x20 build/obj/nxt_tpl_sleep.S.o
 .debug_aranges
                0x00000488       0x28 build/obj/nxt_tpl_stubs.c.o
 .debug_aranges
                0x000004b0       0x28 build/obj/nxt_irq.c.o
 .debug_aranges
                0x000004d8       0x20 build/obj/nxt_exception_catch.S.o
 .debug_aranges
                0x000004f8       0x20 build/obj/nxt_bootstrap_stage1.S.o
 .debug_aranges
                0x00000518       0x20 build/obj/nxt_exception_catch.c.o
 .debug_aranges
                0x00000538       0x20 build/obj/nxt_entry_point.s.o
 .debug_aranges
                0x00000558       0x20 build/obj/interrupts.s.o
 .debug_aranges
                0x00000578      0x168 build/obj/ecrobot_interface.c.o
 .debug_aranges
                0x000006e0       0x90 build/obj/ecrobot_bluetooth.c.o
 .debug_aranges
                0x00000770       0x88 build/obj/ecrobot_HiTechnic.c.o
 .debug_aranges
                0x000007f8       0x50 build/obj/flash_loader.c.o
 .debug_aranges
                0x00000848       0x40 build/obj/aic.c.o
 .debug_aranges
                0x00000888       0x68 build/obj/nxt_avr.c.o
 .debug_aranges
                0x000008f0       0x48 build/obj/i2c.c.o
 .debug_aranges
                0x00000938       0x60 build/obj/systick.c.o
 .debug_aranges
                0x00000998       0x58 build/obj/nxt_motors.c.o
 .debug_aranges
                0x000009f0       0x88 build/obj/bt.c.o
 .debug_aranges
                0x00000a78       0x98 build/obj/display.c.o
 .debug_aranges
                0x00000b10       0x58 build/obj/sensors.c.o
 .debug_aranges
                0x00000b68       0x48 build/obj/twi.c.o
 .debug_aranges
                0x00000bb0       0xd0 build/obj/nxt_lcd.c.o
 .debug_aranges
                0x00000c80       0x48 build/obj/nxt_spi.c.o
 .debug_aranges
                0x00000cc8       0x78 build/obj/sound.c.o
 .debug_aranges
                0x00000d40       0x28 build/obj/buttons.c.o
 .debug_aranges
                0x00000d68       0x80 build/obj/tpl_app_config.c.o

.debug_ranges   0x00000000      0xd10
 .debug_ranges  0x00000000       0x70 build/obj/nxtSegway.c.o
 .debug_ranges  0x00000070       0x58 build/obj/tools.c.o
 .debug_ranges  0x000000c8       0x50 build/obj/tpl_os_alarm_kernel.c.o
 .debug_ranges  0x00000118       0x28 build/obj/tpl_os_event_kernel.c.o
 .debug_ranges  0x00000140       0x70 build/obj/tpl_os_it_kernel.c.o
 .debug_ranges  0x000001b0       0x20 build/obj/tpl_os_rez_kernel.c.o
 .debug_ranges  0x000001d0       0x38 build/obj/tpl_os_task_kernel.c.o
 .debug_ranges  0x00000208       0x28 build/obj/tpl_os_timeobj_kernel.c.o
 .debug_ranges  0x00000230       0xa0 build/obj/tpl_os_kernel.c.o
 .debug_ranges  0x000002d0       0x20 build/obj/tpl_os_action.c.o
 .debug_ranges  0x000002f0       0x10 build/obj/tpl_os.c.o
 .debug_ranges  0x00000300       0x40 build/obj/tpl_machine_arm_generic.c.o
 .debug_ranges  0x00000340       0x18 build/obj/nxt_tpl_stubs.c.o
 .debug_ranges  0x00000358       0x18 build/obj/nxt_irq.c.o
 .debug_ranges  0x00000370       0x10 build/obj/nxt_exception_catch.c.o
 .debug_ranges  0x00000380      0x1a8 build/obj/ecrobot_interface.c.o
 .debug_ranges  0x00000528       0xb0 build/obj/ecrobot_bluetooth.c.o
 .debug_ranges  0x000005d8       0x78 build/obj/ecrobot_HiTechnic.c.o
 .debug_ranges  0x00000650       0x40 build/obj/flash_loader.c.o
 .debug_ranges  0x00000690       0x30 build/obj/aic.c.o
 .debug_ranges  0x000006c0       0x70 build/obj/nxt_avr.c.o
 .debug_ranges  0x00000730       0x38 build/obj/i2c.c.o
 .debug_ranges  0x00000768       0x50 build/obj/systick.c.o
 .debug_ranges  0x000007b8       0x48 build/obj/nxt_motors.c.o
 .debug_ranges  0x00000800       0xc0 build/obj/bt.c.o
 .debug_ranges  0x000008c0      0x130 build/obj/display.c.o
 .debug_ranges  0x000009f0       0x48 build/obj/sensors.c.o
 .debug_ranges  0x00000a38       0x38 build/obj/twi.c.o
 .debug_ranges  0x00000a70       0xd8 build/obj/nxt_lcd.c.o
 .debug_ranges  0x00000b48       0x38 build/obj/nxt_spi.c.o
 .debug_ranges  0x00000b80      0x108 build/obj/sound.c.o
 .debug_ranges  0x00000c88       0x18 build/obj/buttons.c.o
 .debug_ranges  0x00000ca0       0x70 build/obj/tpl_app_config.c.o

.debug_line     0x00000000     0x6982
 .debug_line    0x00000000      0x3e2 build/obj/nxtSegway.c.o
 .debug_line    0x000003e2      0x2ac build/obj/tools.c.o
 .debug_line    0x0000068e      0x18c build/obj/tpl_dispatch_table.c.o
 .debug_line    0x0000081a       0x9a build/obj/tpl_invoque.S.o
 .debug_line    0x000008b4      0x322 build/obj/tpl_os_alarm_kernel.c.o
 .debug_line    0x00000bd6      0x2be build/obj/tpl_os_event_kernel.c.o
 .debug_line    0x00000e94      0x322 build/obj/tpl_os_it_kernel.c.o
 .debug_line    0x000011b6      0x2fc build/obj/tpl_os_rez_kernel.c.o
 .debug_line    0x000014b2      0x2f0 build/obj/tpl_os_task_kernel.c.o
 .debug_line    0x000017a2      0x2af build/obj/tpl_os_timeobj_kernel.c.o
 .debug_line    0x00001a51      0x487 build/obj/tpl_os_kernel.c.o
 .debug_line    0x00001ed8      0x24a build/obj/tpl_os_action.c.o
 .debug_line    0x00002122      0x204 build/obj/tpl_os.c.o
 .debug_line    0x00002326      0x2c3 build/obj/tpl_machine_arm_generic.c.o
 .debug_line    0x000025e9       0xa0 build/obj/tpl_irq.S.o
 .debug_line    0x00002689       0xbc build/obj/tpl_system_call.S.o
 .debug_line    0x00002745       0x7c build/obj/tpl_vector_table.s.o
 .debug_line    0x000027c1       0x6e build/obj/nxt_tpl_sleep.S.o
 .debug_line    0x0000282f      0x2e5 build/obj/nxt_tpl_stubs.c.o
 .debug_line    0x00002b14      0x219 build/obj/nxt_irq.c.o
 .debug_line    0x00002d2d       0x80 build/obj/nxt_exception_catch.S.o
 .debug_line    0x00002dad       0x8a build/obj/nxt_bootstrap_stage1.S.o
 .debug_line    0x00002e37       0xfd build/obj/nxt_exception_catch.c.o
 .debug_line    0x00002f34       0x7d build/obj/nxt_entry_point.s.o
 .debug_line    0x00002fb1       0x84 build/obj/interrupts.s.o
 .debug_line    0x00003035      0x750 build/obj/ecrobot_interface.c.o
 .debug_line    0x00003785      0x4f3 build/obj/ecrobot_bluetooth.c.o
 .debug_line    0x00003c78      0x345 build/obj/ecrobot_HiTechnic.c.o
 .debug_line    0x00003fbd      0x41c build/obj/flash_loader.c.o
 .debug_line    0x000043d9      0x147 build/obj/aic.c.o
 .debug_line    0x00004520      0x274 build/obj/nxt_avr.c.o
 .debug_line    0x00004794      0x326 build/obj/i2c.c.o
 .debug_line    0x00004aba      0x1a6 build/obj/systick.c.o
 .debug_line    0x00004c60      0x18e build/obj/nxt_motors.c.o
 .debug_line    0x00004dee      0x589 build/obj/bt.c.o
 .debug_line    0x00005377      0x4ce build/obj/display.c.o
 .debug_line    0x00005845      0x252 build/obj/sensors.c.o
 .debug_line    0x00005a97      0x18a build/obj/twi.c.o
 .debug_line    0x00005c21      0x274 build/obj/nxt_lcd.c.o
 .debug_line    0x00005e95      0x189 build/obj/nxt_spi.c.o
 .debug_line    0x0000601e      0x2b4 build/obj/sound.c.o
 .debug_line    0x000062d2      0x2ae build/obj/buttons.c.o
 .debug_line    0x00006580      0x402 build/obj/tpl_app_config.c.o

.debug_str      0x00000000     0x47f0
 .debug_str     0x00000000      0x5e9 build/obj/nxtSegway.c.o
                                0x66a (size before relaxing)
 .debug_str     0x000005e9      0x126 build/obj/tools.c.o
                                0x559 (size before relaxing)
 .debug_str     0x0000070f       0x42 build/obj/tpl_dispatch_table.c.o
                                0x35e (size before relaxing)
 .debug_str     0x00000751      0x2ec build/obj/tpl_os_alarm_kernel.c.o
                                0x66a (size before relaxing)